Component: ARM Compiler 5.06 update 6 (build 750) Tool: armlink [4d35ed]

==============================================================================

Section Cross References

    startup_stm32f103xb.o(RESET) refers to startup_stm32f103xb.o(STACK) for __initial_sp
    startup_stm32f103xb.o(RESET) refers to startup_stm32f103xb.o(.text) for Reset_Handler
    startup_stm32f103xb.o(RESET) refers to stm32f1xx_it.o(i.NMI_Handler) for NMI_Handler
    startup_stm32f103xb.o(RESET) refers to stm32f1xx_it.o(i.HardFault_Handler) for HardFault_Handler
    startup_stm32f103xb.o(RESET) refers to stm32f1xx_it.o(i.MemManage_Handler) for MemManage_Handler
    startup_stm32f103xb.o(RESET) refers to stm32f1xx_it.o(i.BusFault_Handler) for BusFault_Handler
    startup_stm32f103xb.o(RESET) refers to stm32f1xx_it.o(i.UsageFault_Handler) for UsageFault_Handler
    startup_stm32f103xb.o(RESET) refers to stm32f1xx_it.o(i.SVC_Handler) for SVC_Handler
    startup_stm32f103xb.o(RESET) refers to stm32f1xx_it.o(i.DebugMon_Handler) for DebugMon_Handler
    startup_stm32f103xb.o(RESET) refers to stm32f1xx_it.o(i.PendSV_Handler) for PendSV_Handler
    startup_stm32f103xb.o(RESET) refers to stm32f1xx_it.o(i.SysTick_Handler) for SysTick_Handler
    startup_stm32f103xb.o(RESET) refers to stm32f1xx_it.o(i.DMA1_Channel6_IRQHandler) for DMA1_Channel6_IRQHandler
    startup_stm32f103xb.o(RESET) refers to stm32f1xx_it.o(i.DMA1_Channel7_IRQHandler) for DMA1_Channel7_IRQHandler
    startup_stm32f103xb.o(RESET) refers to stm32f1xx_it.o(i.USART2_IRQHandler) for USART2_IRQHandler
    startup_stm32f103xb.o(.text) refers to system_stm32f1xx.o(i.SystemInit) for SystemInit
    startup_stm32f103xb.o(.text) refers to entry.o(.ARM.Collect$$$$00000000) for __main
    oled.o(i.OLED_Clear) refers to oled.o(i.OLED_WR_Cmd) for OLED_WR_Cmd
    oled.o(i.OLED_Clear) refers to oled.o(i.OLED_WR_Data) for OLED_WR_Data
    oled.o(i.OLED_Display_Off) refers to oled.o(i.OLED_WR_Cmd) for OLED_WR_Cmd
    oled.o(i.OLED_Display_On) refers to oled.o(i.OLED_WR_Cmd) for OLED_WR_Cmd
    oled.o(i.OLED_DrawBMP) refers to oled.o(i.OLED_Set_Pos) for OLED_Set_Pos
    oled.o(i.OLED_DrawBMP) refers to oled.o(i.OLED_WR_Data) for OLED_WR_Data
    oled.o(i.OLED_Init) refers to stm32f1xx_hal_i2c.o(i.HAL_I2C_Mem_Write) for HAL_I2C_Mem_Write
    oled.o(i.OLED_Init) refers to oled.o(.data) for CMD_Data
    oled.o(i.OLED_Init) refers to i2c.o(.bss) for hi2c1
    oled.o(i.OLED_Refresh) refers to oled.o(i.OLED_WR_Cmd) for OLED_WR_Cmd
    oled.o(i.OLED_Refresh) refers to oled.o(i.OLED_WR_Data) for OLED_WR_Data
    oled.o(i.OLED_Set_Pos) refers to oled.o(i.OLED_WR_Cmd) for OLED_WR_Cmd
    oled.o(i.OLED_ShowCHinese) refers to oled.o(i.OLED_Set_Pos) for OLED_Set_Pos
    oled.o(i.OLED_ShowCHinese) refers to oled.o(i.OLED_WR_Data) for OLED_WR_Data
    oled.o(i.OLED_ShowCHinese) refers to oled.o(.data) for Hzk
    oled.o(i.OLED_ShowChar) refers to oled.o(i.OLED_Set_Pos) for OLED_Set_Pos
    oled.o(i.OLED_ShowChar) refers to oled.o(i.OLED_WR_Data) for OLED_WR_Data
    oled.o(i.OLED_ShowChar) refers to oled.o(.constdata) for F8X16
    oled.o(i.OLED_ShowNum) refers to oled.o(i.oled_pow) for oled_pow
    oled.o(i.OLED_ShowNum) refers to oled.o(i.OLED_ShowChar) for OLED_ShowChar
    oled.o(i.OLED_ShowString) refers to oled.o(i.OLED_ShowChar) for OLED_ShowChar
    oled.o(i.OLED_Showfloat) refers to f2d.o(.text) for __aeabi_f2d
    oled.o(i.OLED_Showfloat) refers to printfa.o(i.__0sprintf) for __2sprintf
    oled.o(i.OLED_Showfloat) refers to cfrcmple.o(.text) for __aeabi_cfrcmple
    oled.o(i.OLED_Showfloat) refers to oled.o(i.OLED_ShowString) for OLED_ShowString
    oled.o(i.OLED_WR_Cmd) refers to stm32f1xx_hal_i2c.o(i.HAL_I2C_Mem_Write) for HAL_I2C_Mem_Write
    oled.o(i.OLED_WR_Cmd) refers to i2c.o(.bss) for hi2c1
    oled.o(i.OLED_WR_Data) refers to stm32f1xx_hal_i2c.o(i.HAL_I2C_Mem_Write) for HAL_I2C_Mem_Write
    oled.o(i.OLED_WR_Data) refers to i2c.o(.bss) for hi2c1
    oled.o(i.fill_picture) refers to oled.o(i.OLED_WR_Data) for OLED_WR_Data
    main.o(i.HAL_UART_TxCpltCallback) refers to stm32f1xx_hal_gpio.o(i.HAL_GPIO_TogglePin) for HAL_GPIO_TogglePin
    main.o(i.HAL_UART_TxCpltCallback) refers to usart.o(.bss) for huart2
    main.o(i.SystemClock_Config) refers to memseta.o(.text) for __aeabi_memclr4
    main.o(i.SystemClock_Config) refers to stm32f1xx_hal_rcc.o(i.HAL_RCC_OscConfig) for HAL_RCC_OscConfig
    main.o(i.SystemClock_Config) refers to main.o(i.Error_Handler) for Error_Handler
    main.o(i.SystemClock_Config) refers to stm32f1xx_hal_rcc.o(i.HAL_RCC_ClockConfig) for HAL_RCC_ClockConfig
    main.o(i.SystemClock_Config) refers to stm32f1xx_hal_rcc_ex.o(i.HAL_RCCEx_PeriphCLKConfig) for HAL_RCCEx_PeriphCLKConfig
    main.o(i.TDS_Value_Conversion) refers to fdiv.o(.text) for __aeabi_fdiv
    main.o(i.TDS_Value_Conversion) refers to f2d.o(.text) for __aeabi_f2d
    main.o(i.TDS_Value_Conversion) refers to dadd.o(.text) for __aeabi_dsub
[...]
    ../clib/microlib/ctype/ctype.c           0x00000000   Number         0  ctype_o.o ABSOLUTE
    ../clib/microlib/division.c              0x00000000   Number         0  uidiv.o ABSOLUTE
    ../clib/microlib/division.c              0x00000000   Number         0  uldiv.o ABSOLUTE
    ../clib/microlib/errno.c                 0x00000000   Number         0  errno.o ABSOLUTE
    ../clib/microlib/init/entry.s            0x00000000   Number         0  entry5.o ABSOLUTE
    ../clib/microlib/init/entry.s            0x00000000   Number         0  entry7a.o ABSOLUTE
    ../clib/microlib/init/entry.s            0x00000000   Number         0  entry11a.o ABSOLUTE
    ../clib/microlib/init/entry.s            0x00000000   Number         0  entry11b.o ABSOLUTE
    ../clib/microlib/init/entry.s            0x00000000   Number         0  entry8b.o ABSOLUTE
    ../clib/microlib/init/entry.s            0x00000000   Number         0  entry9a.o ABSOLUTE
    ../clib/microlib/init/entry.s            0x00000000   Number         0  entry7b.o ABSOLUTE
    ../clib/microlib/init/entry.s            0x00000000   Number         0  entry10b.o ABSOLUTE
    ../clib/microlib/init/entry.s            0x00000000   Number         0  entry.o ABSOLUTE
    ../clib/microlib/init/entry.s            0x00000000   Number         0  entry10a.o ABSOLUTE
    ../clib/microlib/init/entry.s            0x00000000   Number         0  entry9b.o ABSOLUTE
    ../clib/microlib/init/entry.s            0x00000000   Number         0  entry2.o ABSOLUTE
    ../clib/microlib/init/entry.s            0x00000000   Number         0  entry8a.o ABSOLUTE
    ../clib/microlib/longlong.c              0x00000000   Number         0  llushr.o ABSOLUTE
    ../clib/microlib/longlong.c              0x00000000   Number         0  llsshr.o ABSOLUTE
    ../clib/microlib/longlong.c              0x00000000   Number         0  llshl.o ABSOLUTE
    ../clib/microlib/printf/printf.c         0x00000000   Number         0  printf1.o ABSOLUTE
    ../clib/microlib/printf/printf.c         0x00000000   Number         0  printf6.o ABSOLUTE
    ../clib/microlib/printf/printf.c         0x00000000   Number         0  printf5.o ABSOLUTE
    ../clib/microlib/printf/printf.c         0x00000000   Number         0  printf3.o ABSOLUTE
    ../clib/microlib/printf/printf.c         0x00000000   Number         0  printf2.o ABSOLUTE
    ../clib/microlib/printf/printf.c         0x00000000   Number         0  printf4.o ABSOLUTE
    ../clib/microlib/printf/printf.c         0x00000000   Number         0  printf7.o ABSOLUTE
    ../clib/microlib/printf/printf.c         0x00000000   Number         0  printf0.o ABSOLUTE
    ../clib/microlib/printf/printf.c         0x00000000   Number         0  printfb.o ABSOLUTE
    ../clib/microlib/printf/printf.c         0x00000000   Number         0  printfa.o ABSOLUTE
    ../clib/microlib/printf/printf.c         0x00000000   Number         0  printf8.o ABSOLUTE
    ../clib/microlib/printf/stubs.s          0x00000000   Number         0  stubs.o ABSOLUTE
    ../clib/microlib/stdio/streams.c         0x00000000   Number         0  stdout.o ABSOLUTE
    ../clib/microlib/string/memset.c         0x00000000   Number         0  memseta.o ABSOLUTE
    ../clib/microlib/stubs.s                 0x00000000   Number         0  iusefp.o ABSOLUTE
    ../clib/scanf.c                          0x00000000   Number         0  _chval.o ABSOLUTE
    ../clib/scanf.c                          0x00000000   Number         0  _strtoul.o ABSOLUTE
    ../clib/scanf.c                          0x00000000   Number         0  strtoul.o ABSOLUTE
    ../fplib/microlib/d2f.c                  0x00000000   Number         0  d2f.o ABSOLUTE
    ../fplib/microlib/f2d.c                  0x00000000   Number         0  f2d.o ABSOLUTE
    ../fplib/microlib/fpadd.c                0x00000000   Number         0  dadd.o ABSOLUTE
    ../fplib/microlib/fpdiv.c                0x00000000   Number         0  ddiv.o ABSOLUTE
    ../fplib/microlib/fpdiv.c                0x00000000   Number         0  fdiv.o ABSOLUTE
    ../fplib/microlib/fpepilogue.c           0x00000000   Number         0  fepilogue.o ABSOLUTE
    ../fplib/microlib/fpepilogue.c           0x00000000   Number         0  depilogue.o ABSOLUTE
    ../fplib/microlib/fpfix.c                0x00000000   Number         0  dfixul.o ABSOLUTE
    ../fplib/microlib/fpfix.c                0x00000000   Number         0  ffixui.o ABSOLUTE
    ../fplib/microlib/fpflt.c                0x00000000   Number         0  dflti.o ABSOLUTE
    ../fplib/microlib/fpflt.c                0x00000000   Number         0  ffltui.o ABSOLUTE
    ../fplib/microlib/fpmul.c                0x00000000   Number         0  dmul.o ABSOLUTE
    ../fplib/microlib/fpmul.c                0x00000000   Number         0  fmul.o ABSOLUTE
    ..\Core\Src\dma.c                        0x00000000   Number         0  dma.o ABSOLUTE
    ..\Core\Src\gpio.c                       0x00000000   Number         0  gpio.o ABSOLUTE
    ..\Core\Src\i2c.c                        0x00000000   Number         0  i2c.o ABSOLUTE
    ..\Core\Src\main.c                       0x00000000   Number         0  main.o ABSOLUTE
    ..\Core\Src\rtc.c                        0x00000000   Number         0  rtc.o ABSOLUTE
    ..\Core\Src\stm32f1xx_hal_msp.c          0x00000000   Number         0  stm32f1xx_hal_msp.o ABSOLUTE
    ..\Core\Src\stm32f1xx_it.c               0x00000000   Number         0  stm32f1xx_it.o ABSOLUTE
    ..\Core\Src\system_stm32f1xx.c           0x00000000   Number         0  system_stm32f1xx.o ABSOLUTE
    ..\Core\Src\tim.c                        0x00000000   Number         0  tim.o ABSOLUTE
    ..\Core\Src\usart.c                      0x00000000   Number         0  usart.o ABSOLUTE
    ..\Drivers\STM32F1xx_HAL_Driver\Src\stm32f1xx_hal.c 0x00000000   Number         0  stm32f1xx_hal.o ABSOLUTE
    ..\Drivers\STM32F1xx_HAL_Driver\Src\stm32f1xx_hal_cortex.c 0x00000000   Number         0  stm32f1xx_hal_cortex.o ABSOLUTE
    ..\Drivers\STM32F1xx_HAL_Driver\Src\stm32f1xx_hal_dma.c 0x00000000   Number         0  stm32f1xx_hal_dma.o ABSOLUTE
    ..\Drivers\STM32F1xx_HAL_Driver\Src\stm32f1xx_hal_exti.c 0x00000000   Number         0  stm32f1xx_hal_exti.o ABSOLUTE
    ..\Drivers\STM32F1xx_HAL_Driver\Src\stm32f1xx_hal_flash.c 0x00000000   Number         0  stm32f1xx_hal_flash.o ABSOLUTE
    ..\Drivers\STM32F1xx_HAL_Driver\Src\stm32f1xx_hal_flash_ex.c 0x00000000   Number         0  stm32f1xx_hal_flash_ex.o ABSOLUTE
    ..\Drivers\STM32F1xx_HAL_Driver\Src\stm32f1xx_hal_gpio.c 0x00000000   Number         0  stm32f1xx_hal_gpio.o ABSOLUTE
    ..\Drivers\STM32F1xx_HAL_Driver\Src\stm32f1xx_hal_gpio_ex.c 0x00000000   Number         0  stm32f1xx_hal_gpio_ex.o ABSOLUTE
    ..\Drivers\STM32F1xx_HAL_Driver\Src\stm32f1xx_hal_i2c.c 0x00000000   Number         0  stm32f1xx_hal_i2c.o ABSOLUTE
    ..\Drivers\STM32F1xx_HAL_Driver\Src\stm32f1xx_hal_pwr.c 0x00000000   Number         0  stm32f1xx_hal_pwr.o ABSOLUTE
    ..\Drivers\STM32F1xx_HAL_Driver\Src\stm32f1xx_hal_rcc.c 0x00000000   Number         0  stm32f1xx_hal_rcc.o ABSOLUTE
    ..\Drivers\STM32F1xx_HAL_Driver\Src\stm32f1xx_hal_rcc_ex.c 0x00000000   Number         0  stm32f1xx_hal_rcc_ex.o ABSOLUTE
    ..\Drivers\STM32F1xx_HAL_Driver\Src\stm32f1xx_hal_rtc.c 0x00000000   Number         0  stm32f1xx_hal_rtc.o ABSOLUTE
    ..\Drivers\STM32F1xx_HAL_Driver\Src\stm32f1xx_hal_rtc_ex.c 0x00000000   Number         0  stm32f1xx_hal_rtc_ex.o ABSOLUTE
    ..\Drivers\STM32F1xx_HAL_Driver\Src\stm32f1xx_hal_tim.c 0x00000000   Number         0  stm32f1xx_hal_tim.o ABSOLUTE
    ..\Drivers\STM32F1xx_HAL_Driver\Src\stm32f1xx_hal_tim_ex.c 0x00000000   Number         0  stm32f1xx_hal_tim_ex.o ABSOLUTE
    ..\Drivers\STM32F1xx_HAL_Driver\Src\stm32f1xx_hal_uart.c 0x00000000   Number         0  stm32f1xx_hal_uart.o ABSOLUTE
    ..\\oled\\oled.c                         0x00000000   Number         0  oled.o ABSOLUTE
    ..\oled\oled.c                           0x00000000   Number         0  oled.o ABSOLUTE
    cdcmple.s                                0x00000000   Number         0  cdcmple.o ABSOLUTE
    cdrcmple.s                               0x00000000   Number         0  cdrcmple.o ABSOLUTE
    cfcmple.s                                0x00000000   Number         0  cfcmple.o ABSOLUTE
    cfrcmple.s                               0x00000000   Number         0  cfrcmple.o ABSOLUTE
    dc.s                                     0x00000000   Number         0  dc.o ABSOLUTE
    handlers.s                               0x00000000   Number         0  handlers.o ABSOLUTE
    init.s                                   0x00000000   Number         0  init.o ABSOLUTE
    startup_stm32f103xb.s                    0x00000000   Number         0  startup_stm32f103xb.o ABSOLUTE
    RESET                                    0x08000000   Section      236  startup_stm32f103xb.o(RESET)
    .ARM.Collect$$$$00000000                 0x080000ec   Section        0  entry.o(.ARM.Collect$$$$00000000)
    .ARM.Collect$$$$00000001                 0x080000ec   Section        4  entry2.o(.ARM.Collect$$$$00000001)
    .ARM.Collect$$$$00000004                 0x080000f0   Section        4  entry5.o(.ARM.Collect$$$$00000004)
    .ARM.Collect$$$$00000008                 0x080000f4   Section        0  entry7b.o(.ARM.Collect$$$$00000008)
    .ARM.Collect$$$$0000000A                 0x080000f4   Section        0  entry8b.o(.ARM.Collect$$$$0000000A)
    .ARM.Collect$$$$0000000B                 0x080000f4   Section        8  entry9a.o(.ARM.Collect$$$$0000000B)
    .ARM.Collect$$$$0000000D                 0x080000fc   Section        0  entry10a.o(.ARM.Collect$$$$0000000D)
    .ARM.Collect$$$$0000000F                 0x080000fc   Section        0  entry11a.o(.ARM.Collect$$$$0000000F)
    .ARM.Collect$$$$00002712                 0x080000fc   Section        4  entry2.o(.ARM.Collect$$$$00002712)
    __lit__00000000                          0x080000fc   Data           4  entry2.o(.ARM.Collect$$$$00002712)
    .text                                    0x08000100   Section       36  startup_stm32f103xb.o(.text)
    .text                                    0x08000124   Section        0  llushr.o(.text)
    .text                                    0x08000144   Section        0  memseta.o(.text)
    .text                                    0x08000168   Section        0  strtoul.o(.text)
    .text                                    0x080001da   Section        0  fmul.o(.text)
    .text                                    0x0800023e   Section        0  fdiv.o(.text)
    .text                                    0x080002ba   Section        0  dadd.o(.text)
    .text                                    0x08000408   Section        0  dmul.o(.text)
    .text                                    0x080004ec   Section        0  ddiv.o(.text)
    .text                                    0x080005ca   Section        0  ffltui.o(.text)
    .text                                    0x080005d4   Section        0  dflti.o(.text)
    .text                                    0x080005f6   Section        0  ffixui.o(.text)
    .text                                    0x0800061e   Section        0  f2d.o(.text)
    .text                                    0x08000644   Section       48  cdcmple.o(.text)
    .text                                    0x08000674   Section        0  d2f.o(.text)
    .text                                    0x080006ac   Section       20  cfcmple.o(.text)
    .text                                    0x080006c0   Section       20  cfrcmple.o(.text)
    .text                                    0x080006d4   Section        0  uidiv.o(.text)
    .text                                    0x08000700   Section        0  uldiv.o(.text)
    .text                                    0x08000762   Section        0  llshl.o(.text)
    .text                                    0x08000780   Section        0  llsshr.o(.text)
    .text                                    0x080007a4   Section        0  ctype_o.o(.text)
    .text                                    0x080007ac   Section        0  _strtoul.o(.text)
    .text                                    0x0800084a   Section        0  fepilogue.o(.text)
    .text                                    0x0800084a   Section        0  iusefp.o(.text)
    .text                                    0x080008b8   Section        0  depilogue.o(.text)
    .text                                    0x08000972   Section        0  dfixul.o(.text)
    .text                                    0x080009a4   Section       48  cdrcmple.o(.text)
    .text                                    0x080009d4   Section       36  init.o(.text)
    .text                                    0x080009f8   Section        0  _chval.o(.text)
    .text                                    0x08000a14   Section        0  __dczerorl2.o(.text)
    i.BusFault_Handler                       0x08000a6a   Section        0  stm32f1xx_it.o(i.BusFault_Handler)
    i.DMA1_Channel6_IRQHandler               0x08000a70   Section        0  stm32f1xx_it.o(i.DMA1_Channel6_IRQHandler)
    i.DMA1_Channel7_IRQHandler               0x08000a80   Section        0  stm32f1xx_it.o(i.DMA1_Channel7_IRQHandler)
    i.DMA_SetConfig                          0x08000a90   Section        0  stm32f1xx_hal_dma.o(i.DMA_SetConfig)
    DMA_SetConfig                            0x08000a91   Thumb Code    44  stm32f1xx_hal_dma.o(i.DMA_SetConfig)
    i.DebugMon_Handler                       0x08000abc   Section        0  stm32f1xx_it.o(i.DebugMon_Handler)
    i.Error_Handler                          0x08000abe   Section        0  main.o(i.Error_Handler)
    i.HAL_DMA_Abort                          0x08000ac0   Section        0  stm32f1xx_hal_dma.o(i.HAL_DMA_Abort)
    i.HAL_DMA_Abort_IT                       0x08000b18   Section        0  stm32f1xx_hal_dma.o(i.HAL_DMA_Abort_IT)
    i.HAL_DMA_IRQHandler                     0x08000bc8   Section        0  stm32f1xx_hal_dma.o(i.HAL_DMA_IRQHandler)
    i.HAL_DMA_Init                           0x08000d64   Section        0  stm32f1xx_hal_dma.o(i.HAL_DMA_Init)
    i.HAL_DMA_Start_IT                       0x08000dcc   Section        0  stm32f1xx_hal_dma.o(i.HAL_DMA_Start_IT)
    i.HAL_Delay                              0x08000e68   Section        0  stm32f1xx_hal.o(i.HAL_Delay)
    i.HAL_GPIO_Init                          0x08000e90   Section        0  stm32f1xx_hal_gpio.o(i.HAL_GPIO_Init)
    i.HAL_GPIO_ReadPin                       0x080011b0   Section        0  stm32f1xx_hal_gpio.o(i.HAL_GPIO_ReadPin)
    i.HAL_GPIO_TogglePin                     0x080011c0   Section        0  stm32f1xx_hal_gpio.o(i.HAL_GPIO_TogglePin)
    i.HAL_GPIO_WritePin                      0x080011d4   Section        0  stm32f1xx_hal_gpio.o(i.HAL_GPIO_WritePin)
    i.HAL_GetTick                            0x080011e0   Section        0  stm32f1xx_hal.o(i.HAL_GetTick)
    i.HAL_I2C_Init                           0x080011ec   Section        0  stm32f1xx_hal_i2c.o(i.HAL_I2C_Init)
    i.HAL_I2C_Mem_Write                      0x080013bc   Section        0  stm32f1xx_hal_i2c.o(i.HAL_I2C_Mem_Write)
    i.HAL_I2C_MspInit                        0x08001520   Section        0  i2c.o(i.HAL_I2C_MspInit)
    i.HAL_IncTick                            0x08001594   Section        0  stm32f1xx_hal.o(i.HAL_IncTick)
    i.HAL_Init                               0x080015ac   Section        0  stm32f1xx_hal.o(i.HAL_Init)
    i.HAL_InitTick                           0x080015d4   Section        0  stm32f1xx_hal.o(i.HAL_InitTick)
    i.HAL_MspInit                            0x08001620   Section        0  stm32f1xx_hal_msp.o(i.HAL_MspInit)
    i.HAL_NVIC_EnableIRQ                     0x08001674   Section        0  stm32f1xx_hal_cortex.o(i.HAL_NVIC_EnableIRQ)
    i.HAL_NVIC_SetPriority                   0x08001694   Section        0  stm32f1xx_hal_cortex.o(i.HAL_NVIC_SetPriority)
    i.HAL_NVIC_SetPriorityGrouping           0x08001710   Section        0  stm32f1xx_hal_cortex.o(i.HAL_NVIC_SetPriorityGrouping)
    i.HAL_PWR_EnableBkUpAccess               0x08001738   Section        0  stm32f1xx_hal_pwr.o(i.HAL_PWR_EnableBkUpAccess)
    i.HAL_RCCEx_GetPeriphCLKFreq             0x08001744   Section        0  stm32f1xx_hal_rcc_ex.o(i.HAL_RCCEx_GetPeriphCLKFreq)
    i.HAL_RCCEx_PeriphCLKConfig              0x08001840   Section        0  stm32f1xx_hal_rcc_ex.o(i.HAL_RCCEx_PeriphCLKConfig)
    i.HAL_RCC_ClockConfig                    0x08001970   Section        0  stm32f1xx_hal_rcc.o(i.HAL_RCC_ClockConfig)
    i.HAL_RCC_GetHCLKFreq                    0x08001afc   Section        0  stm32f1xx_hal_rcc.o(i.HAL_RCC_GetHCLKFreq)
    i.HAL_RCC_GetPCLK1Freq                   0x08001b08   Section        0  stm32f1xx_hal_rcc.o(i.HAL_RCC_GetPCLK1Freq)
    i.HAL_RCC_GetPCLK2Freq                   0x08001b28   Section        0  stm32f1xx_hal_rcc.o(i.HAL_RCC_GetPCLK2Freq)
    i.HAL_RCC_GetSysClockFreq                0x08001b48   Section        0  stm32f1xx_hal_rcc.o(i.HAL_RCC_GetSysClockFreq)
    i.HAL_RCC_OscConfig                      0x08001bb8   Section        0  stm32f1xx_hal_rcc.o(i.HAL_RCC_OscConfig)
    i.HAL_RTC_Init                           0x0800201c   Section        0  stm32f1xx_hal_rtc.o(i.HAL_RTC_Init)
    i.HAL_RTC_MspInit                        0x080020dc   Section        0  rtc.o(i.HAL_RTC_MspInit)
    i.HAL_RTC_WaitForSynchro                 0x0800211c   Section        0  stm32f1xx_hal_rtc.o(i.HAL_RTC_WaitForSynchro)
    i.HAL_SYSTICK_Config                     0x0800215c   Section        0  stm32f1xx_hal_cortex.o(i.HAL_SYSTICK_Config)
    i.HAL_TIMEx_ConfigBreakDeadTime          0x08002190   Section        0  stm32f1xx_hal_tim_ex.o(i.HAL_TIMEx_ConfigBreakDeadTime)
    i.HAL_TIMEx_MasterConfigSynchronization  0x08002204   Section        0  stm32f1xx_hal_tim_ex.o(i.HAL_TIMEx_MasterConfigSynchronization)
    i.HAL_TIM_Base_Init                      0x08002288   Section        0  stm32f1xx_hal_tim.o(i.HAL_TIM_Base_Init)
    i.HAL_TIM_Base_MspInit                   0x080022f0   Section        0  tim.o(i.HAL_TIM_Base_MspInit)
    i.HAL_TIM_ConfigClockSource              0x08002320   Section        0  stm32f1xx_hal_tim.o(i.HAL_TIM_ConfigClockSource)
    i.HAL_TIM_MspPostInit                    0x0800242c   Section        0  tim.o(i.HAL_TIM_MspPostInit)
    i.HAL_TIM_PWM_ConfigChannel              0x08002484   Section        0  stm32f1xx_hal_tim.o(i.HAL_TIM_PWM_ConfigChannel)
    i.HAL_TIM_PWM_Init                       0x08002588   Section        0  stm32f1xx_hal_tim.o(i.HAL_TIM_PWM_Init)
    i.HAL_TIM_PWM_MspInit                    0x080025ee   Section        0  stm32f1xx_hal_tim.o(i.HAL_TIM_PWM_MspInit)
    i.HAL_TIM_PWM_Start                      0x080025f0   Section        0  stm32f1xx_hal_tim.o(i.HAL_TIM_PWM_Start)
    i.HAL_UARTEx_RxEventCallback             0x080026c4   Section        0  stm32f1xx_hal_uart.o(i.HAL_UARTEx_RxEventCallback)
    i.HAL_UART_DMAStop                       0x080026c6   Section        0  stm32f1xx_hal_uart.o(i.HAL_UART_DMAStop)
    i.HAL_UART_ErrorCallback                 0x08002750   Section        0  stm32f1xx_hal_uart.o(i.HAL_UART_ErrorCallback)
    i.HAL_UART_IRQHandler                    0x08002754   Section        0  stm32f1xx_hal_uart.o(i.HAL_UART_IRQHandler)
    i.HAL_UART_Init                          0x08002a38   Section        0  stm32f1xx_hal_uart.o(i.HAL_UART_Init)
    i.HAL_UART_MspInit                       0x08002ab0   Section        0  usart.o(i.HAL_UART_MspInit)
    i.HAL_UART_Receive_DMA                   0x08002c28   Section        0  stm32f1xx_hal_uart.o(i.HAL_UART_Receive_DMA)
    i.HAL_UART_RxCpltCallback                0x08002c54   Section        0  stm32f1xx_hal_uart.o(i.HAL_UART_RxCpltCallback)
    i.HAL_UART_RxHalfCpltCallback            0x08002c56   Section        0  stm32f1xx_hal_uart.o(i.HAL_UART_RxHalfCpltCallback)
    i.HAL_UART_TxCpltCallback                0x08002c58   Section        0  main.o(i.HAL_UART_TxCpltCallback)
    i.HardFault_Handler                      0x08002c78   Section        0  stm32f1xx_it.o(i.HardFault_Handler)
    i.I2C_IsAcknowledgeFailed                0x08002c7c   Section        0  stm32f1xx_hal_i2c.o(i.I2C_IsAcknowledgeFailed)
    I2C_IsAcknowledgeFailed                  0x08002c7d   Thumb Code    62  stm32f1xx_hal_i2c.o(i.I2C_IsAcknowledgeFailed)
    i.I2C_RequestMemoryWrite                 0x08002cbc   Section        0  stm32f1xx_hal_i2c.o(i.I2C_RequestMemoryWrite)
    I2C_RequestMemoryWrite                   0x08002cbd   Thumb Code   220  stm32f1xx_hal_i2c.o(i.I2C_RequestMemoryWrite)
    i.I2C_WaitOnBTFFlagUntilTimeout          0x08002d9c   Section        0  stm32f1xx_hal_i2c.o(i.I2C_WaitOnBTFFlagUntilTimeout)
    I2C_WaitOnBTFFlagUntilTimeout            0x08002d9d   Thumb Code   102  stm32f1xx_hal_i2c.o(i.I2C_WaitOnBTFFlagUntilTimeout)
    i.I2C_WaitOnFlagUntilTimeout             0x08002e02   Section        0  stm32f1xx_hal_i2c.o(i.I2C_WaitOnFlagUntilTimeout)
    I2C_WaitOnFlagUntilTimeout               0x08002e03   Thumb Code   190  stm32f1xx_hal_i2c.o(i.I2C_WaitOnFlagUntilTimeout)
    i.I2C_WaitOnMasterAddressFlagUntilTimeout 0x08002ec0   Section        0  stm32f1xx_hal_i2c.o(i.I2C_WaitOnMasterAddressFlagUntilTimeout)
    I2C_WaitOnMasterAddressFlagUntilTimeout  0x08002ec1   Thumb Code   250  stm32f1xx_hal_i2c.o(i.I2C_WaitOnMasterAddressFlagUntilTimeout)
    i.I2C_WaitOnTXEFlagUntilTimeout          0x08002fba   Section        0  stm32f1xx_hal_i2c.o(i.I2C_WaitOnTXEFlagUntilTimeout)
    I2C_WaitOnTXEFlagUntilTimeout            0x08002fbb   Thumb Code   102  stm32f1xx_hal_i2c.o(i.I2C_WaitOnTXEFlagUntilTimeout)
    i.MX_DMA_Init                            0x08003020   Section        0  dma.o(i.MX_DMA_Init)
    i.MX_GPIO_Init                           0x08003064   Section        0  gpio.o(i.MX_GPIO_Init)
    i.MX_I2C1_Init                           0x0800310c   Section        0  i2c.o(i.MX_I2C1_Init)
    i.MX_RTC_Init                            0x08003148   Section        0  rtc.o(i.MX_RTC_Init)
    i.MX_TIM1_Init                           0x08003174   Section        0  tim.o(i.MX_TIM1_Init)
    i.MX_USART1_UART_Init                    0x08003250   Section        0  usart.o(i.MX_USART1_UART_Init)
    i.MX_USART2_UART_Init                    0x08003288   Section        0  usart.o(i.MX_USART2_UART_Init)
    i.MemManage_Handler                      0x080032c0   Section        0  stm32f1xx_it.o(i.MemManage_Handler)
    i.NMI_Handler                            0x080032c4   Section        0  stm32f1xx_it.o(i.NMI_Handler)
    i.OLED_Clear                             0x080032c6   Section        0  oled.o(i.OLED_Clear)
    i.OLED_Init                              0x08003300   Section        0  oled.o(i.OLED_Init)
    i.OLED_Set_Pos                           0x08003338   Section        0  oled.o(i.OLED_Set_Pos)
    i.OLED_ShowCHinese                       0x0800335c   Section        0  oled.o(i.OLED_ShowCHinese)
    i.OLED_ShowChar                          0x080033c8   Section        0  oled.o(i.OLED_ShowChar)
    i.OLED_ShowNum                           0x08003464   Section        0  oled.o(i.OLED_ShowNum)
    i.OLED_ShowString                        0x080034ec   Section        0  oled.o(i.OLED_ShowString)
    i.OLED_Showfloat                         0x08003528   Section        0  oled.o(i.OLED_Showfloat)
    i.OLED_WR_Cmd                            0x0800358c   Section        0  oled.o(i.OLED_WR_Cmd)
    i.OLED_WR_Data                           0x080035b4   Section        0  oled.o(i.OLED_WR_Data)
    i.PendSV_Handler                         0x080035dc   Section        0  stm32f1xx_it.o(i.PendSV_Handler)
    i.RCC_Delay                              0x080035e0   Section        0  stm32f1xx_hal_rcc.o(i.RCC_Delay)
    RCC_Delay                                0x080035e1   Thumb Code    36  stm32f1xx_hal_rcc.o(i.RCC_Delay)
    i.RTC_EnterInitMode                      0x08003608   Section        0  stm32f1xx_hal_rtc.o(i.RTC_EnterInitMode)
    RTC_EnterInitMode                        0x08003609   Thumb Code    58  stm32f1xx_hal_rtc.o(i.RTC_EnterInitMode)
    i.RTC_ExitInitMode                       0x08003642   Section        0  stm32f1xx_hal_rtc.o(i.RTC_ExitInitMode)
    RTC_ExitInitMode                         0x08003643   Thumb Code    58  stm32f1xx_hal_rtc.o(i.RTC_ExitInitMode)
    i.SVC_Handler                            0x0800367c   Section        0  stm32f1xx_it.o(i.SVC_Handler)
    i.SysTick_Handler                        0x0800367e   Section        0  stm32f1xx_it.o(i.SysTick_Handler)
    i.SystemClock_Config                     0x08003686   Section        0  main.o(i.SystemClock_Config)
    i.SystemInit                             0x0800370e   Section        0  system_stm32f1xx.o(i.SystemInit)
    i.TDS_Value_Conversion                   0x08003710   Section        0  main.o(i.TDS_Value_Conversion)
    i.TIM_Base_SetConfig                     0x080038dc   Section        0  stm32f1xx_hal_tim.o(i.TIM_Base_SetConfig)
    i.TIM_CCxChannelCmd                      0x08003950   Section        0  stm32f1xx_hal_tim.o(i.TIM_CCxChannelCmd)
    i.TIM_ETR_SetConfig                      0x08003972   Section        0  stm32f1xx_hal_tim.o(i.TIM_ETR_SetConfig)
    i.TIM_ITRx_SetConfig                     0x08003988   Section        0  stm32f1xx_hal_tim.o(i.TIM_ITRx_SetConfig)
    TIM_ITRx_SetConfig                       0x08003989   Thumb Code    18  stm32f1xx_hal_tim.o(i.TIM_ITRx_SetConfig)
    i.TIM_OC1_SetConfig                      0x0800399c   Section        0  stm32f1xx_hal_tim.o(i.TIM_OC1_SetConfig)
    TIM_OC1_SetConfig                        0x0800399d   Thumb Code    90  stm32f1xx_hal_tim.o(i.TIM_OC1_SetConfig)
    i.TIM_OC2_SetConfig                      0x080039fc   Section        0  stm32f1xx_hal_tim.o(i.TIM_OC2_SetConfig)
    i.TIM_OC3_SetConfig                      0x08003a64   Section        0  stm32f1xx_hal_tim.o(i.TIM_OC3_SetConfig)
    TIM_OC3_SetConfig                        0x08003a65   Thumb Code    98  stm32f1xx_hal_tim.o(i.TIM_OC3_SetConfig)
    i.TIM_OC4_SetConfig                      0x08003acc   Section        0  stm32f1xx_hal_tim.o(i.TIM_OC4_SetConfig)
    TIM_OC4_SetConfig                        0x08003acd   Thumb Code    68  stm32f1xx_hal_tim.o(i.TIM_OC4_SetConfig)
    i.TIM_TI1_ConfigInputStage               0x08003b14   Section        0  stm32f1xx_hal_tim.o(i.TIM_TI1_ConfigInputStage)
    TIM_TI1_ConfigInputStage                 0x08003b15   Thumb Code    38  stm32f1xx_hal_tim.o(i.TIM_TI1_ConfigInputStage)
    i.TIM_TI2_ConfigInputStage               0x08003b3a   Section        0  stm32f1xx_hal_tim.o(i.TIM_TI2_ConfigInputStage)
    TIM_TI2_ConfigInputStage                 0x08003b3b   Thumb Code    40  stm32f1xx_hal_tim.o(i.TIM_TI2_ConfigInputStage)
    i.UART_DMAAbortOnError                   0x08003b62   Section        0  stm32f1xx_hal_uart.o(i.UART_DMAAbortOnError)
    UART_DMAAbortOnError                     0x08003b63   Thumb Code    20  stm32f1xx_hal_uart.o(i.UART_DMAAbortOnError)
    i.UART_DMAError                          0x08003b76   Section        0  stm32f1xx_hal_uart.o(i.UART_DMAError)
    UART_DMAError                            0x08003b77   Thumb Code    80  stm32f1xx_hal_uart.o(i.UART_DMAError)
    i.UART_DMAReceiveCplt                    0x08003bc6   Section        0  stm32f1xx_hal_uart.o(i.UART_DMAReceiveCplt)
    UART_DMAReceiveCplt                      0x08003bc7   Thumb Code   180  stm32f1xx_hal_uart.o(i.UART_DMAReceiveCplt)
    i.UART_DMARxHalfCplt                     0x08003c7a   Section        0  stm32f1xx_hal_uart.o(i.UART_DMARxHalfCplt)
    UART_DMARxHalfCplt                       0x08003c7b   Thumb Code    36  stm32f1xx_hal_uart.o(i.UART_DMARxHalfCplt)
    i.UART_EndRxTransfer                     0x08003c9e   Section        0  stm32f1xx_hal_uart.o(i.UART_EndRxTransfer)
    UART_EndRxTransfer                       0x08003c9f   Thumb Code   108  stm32f1xx_hal_uart.o(i.UART_EndRxTransfer)
    i.UART_EndTransmit_IT                    0x08003d0a   Section        0  stm32f1xx_hal_uart.o(i.UART_EndTransmit_IT)
    UART_EndTransmit_IT                      0x08003d0b   Thumb Code    32  stm32f1xx_hal_uart.o(i.UART_EndTransmit_IT)
    i.UART_EndTxTransfer                     0x08003d2a   Section        0  stm32f1xx_hal_uart.o(i.UART_EndTxTransfer)
    UART_EndTxTransfer                       0x08003d2b   Thumb Code    38  stm32f1xx_hal_uart.o(i.UART_EndTxTransfer)
    i.UART_Receive_IT                        0x08003d50   Section        0  stm32f1xx_hal_uart.o(i.UART_Receive_IT)
    UART_Receive_IT                          0x08003d51   Thumb Code   252  stm32f1xx_hal_uart.o(i.UART_Receive_IT)
    i.UART_SetConfig                         0x08003e4c   Section        0  stm32f1xx_hal_uart.o(i.UART_SetConfig)
    UART_SetConfig                           0x08003e4d   Thumb Code   248  stm32f1xx_hal_uart.o(i.UART_SetConfig)
    i.UART_Start_Receive_DMA                 0x08003f48   Section        0  stm32f1xx_hal_uart.o(i.UART_Start_Receive_DMA)
    i.UART_Transmit_IT                       0x08004010   Section        0  stm32f1xx_hal_uart.o(i.UART_Transmit_IT)
    UART_Transmit_IT                         0x08004011   Thumb Code    96  stm32f1xx_hal_uart.o(i.UART_Transmit_IT)
    i.USART2_IRQHandler                      0x08004070   Section        0  stm32f1xx_it.o(i.USART2_IRQHandler)
    i.UsageFault_Handler                     0x080040e0   Section        0  stm32f1xx_it.o(i.UsageFault_Handler)
    i.__0sprintf                             0x080040e4   Section        0  printfa.o(i.__0sprintf)
    i.__NVIC_GetPriorityGrouping             0x0800410c   Section        0  stm32f1xx_hal_cortex.o(i.__NVIC_GetPriorityGrouping)
    __NVIC_GetPriorityGrouping               0x0800410d   Thumb Code    10  stm32f1xx_hal_cortex.o(i.__NVIC_GetPriorityGrouping)
    i.__NVIC_SetPriority                     0x0800411c   Section        0  stm32f1xx_hal_cortex.o(i.__NVIC_SetPriority)
    __NVIC_SetPriority                       0x0800411d   Thumb Code    32  stm32f1xx_hal_cortex.o(i.__NVIC_SetPriority)
    i.__aeabi_errno_addr                     0x08004144   Section        0  errno.o(i.__aeabi_errno_addr)
    i.__scatterload_copy                     0x0800414c   Section       14  handlers.o(i.__scatterload_copy)
    i.__scatterload_null                     0x0800415a   Section        2  handlers.o(i.__scatterload_null)
    i.__scatterload_zeroinit                 0x0800415c   Section       14  handlers.o(i.__scatterload_zeroinit)
    i._fp_digits                             0x0800416c   Section        0  printfa.o(i._fp_digits)
    _fp_digits                               0x0800416d   Thumb Code   366  printfa.o(i._fp_digits)
    i._printf_core                           0x080042f0   Section        0  printfa.o(i._printf_core)
    _printf_core                             0x080042f1   Thumb Code  1744  printfa.o(i._printf_core)
    i._printf_post_padding                   0x080049cc   Section        0  printfa.o(i._printf_post_padding)
    _printf_post_padding                     0x080049cd   Thumb Code    36  printfa.o(i._printf_post_padding)
    i._printf_pre_padding                    0x080049f0   Section        0  printfa.o(i._printf_pre_padding)
    _printf_pre_padding                      0x080049f1   Thumb Code    46  printfa.o(i._printf_pre_padding)
    i._sputc                                 0x08004a1e   Section        0  printfa.o(i._sputc)
    _sputc                                   0x08004a1f   Thumb Code    10  printfa.o(i._sputc)
    i.main                                   0x08004a28   Section        0  main.o(i.main)
    i.oled_pow                               0x08005060   Section        0  oled.o(i.oled_pow)
    i.warinig                                0x08005078   Section        0  main.o(i.warinig)
    .constdata                               0x08005260   Section     2072  oled.o(.constdata)
    .constdata                               0x08005a78   Section       18  stm32f1xx_hal_rcc.o(.constdata)
    aPLLMULFactorTable                       0x08005a78   Data          16  stm32f1xx_hal_rcc.o(.constdata)
    aPredivFactorTable                       0x08005a88   Data           2  stm32f1xx_hal_rcc.o(.constdata)
    .constdata                               0x08005a8a   Section       18  stm32f1xx_hal_rcc_ex.o(.constdata)
    aPLLMULFactorTable                       0x08005a8a   Data          16  stm32f1xx_hal_rcc_ex.o(.constdata)
    aPredivFactorTable                       0x08005a9a   Data           2  stm32f1xx_hal_rcc_ex.o(.constdata)
    .constdata                               0x08005a9c   Section       24  system_stm32f1xx.o(.constdata)
    .constdata                               0x08005ab4   Section      129  ctype_o.o(.constdata)
    .constdata                               0x08005b38   Section        4  ctype_o.o(.constdata)
    table                                    0x08005b38   Data           4  ctype_o.o(.constdata)
    .data                                    0x20000000   Section     1371  oled.o(.data)
    .data                                    0x2000055c   Section      117  main.o(.data)
    .data                                    0x200005d4   Section        9  stm32f1xx_hal.o(.data)
    .data                                    0x200005e0   Section        4  system_stm32f1xx.o(.data)
    .data                                    0x200005e4   Section        4  errno.o(.data)
    _errno                                   0x200005e4   Data           4  errno.o(.data)
    .bss                                     0x200005e8   Section      655  main.o(.bss)
    .bss                                     0x20000878   Section       84  i2c.o(.bss)
    .bss                                     0x200008cc   Section       20  rtc.o(.bss)
    .bss                                     0x200008e0   Section       72  tim.o(.bss)
    .bss                                     0x20000928   Section      280  usart.o(.bss)
    STACK                                    0x20000a40   Section     1024  startup_stm32f103xb.o(STACK)

    Global Symbols

    Symbol Name                              Value     Ov Type        Size  Object(Section)

    BuildAttributes$$THM_ISAv4$P$D$K$B$S$PE$A:L22UL41UL21$X:L11$S22US41US21$IEEE1$IW$USESV6$~STKCKD$USESV7$~SHL$OTIME$ROPI$EBA8$MICROLIB$REQ8$PRES8$EABIv2 0x00000000   Number         0  anon$$obj.o ABSOLUTE
    __ARM_use_no_argv                        0x00000000   Number         0  main.o ABSOLUTE
    _printf_a                                0x00000000   Number         0  stubs.o ABSOLUTE
    _printf_c                                0x00000000   Number         0  stubs.o ABSOLUTE
    _printf_charcount                        0x00000000   Number         0  stubs.o ABSOLUTE
    _printf_d                                0x00000000   Number         0  stubs.o ABSOLUTE
    _printf_e                                0x00000000   Number         0  stubs.o ABSOLUTE
    _printf_f                                0x00000000   Number         0  stubs.o ABSOLUTE
    _printf_flags                            0x00000000   Number         0  stubs.o ABSOLUTE
    _printf_fp_dec                           0x00000000   Number         0  stubs.o ABSOLUTE
    _printf_fp_hex                           0x00000000   Number         0  stubs.o ABSOLUTE
    _printf_g                                0x00000000   Number         0  stubs.o ABSOLUTE
    _printf_i                                0x00000000   Number         0  stubs.o ABSOLUTE
    _printf_int_dec                          0x00000000   Number         0  stubs.o ABSOLUTE
    _printf_l                                0x00000000   Number         0  stubs.o ABSOLUTE
    _printf_lc                               0x00000000   Number         0  stubs.o ABSOLUTE
    _printf_ll                               0x00000000   Number         0  stubs.o ABSOLUTE
    _printf_lld                              0x00000000   Number         0  stubs.o ABSOLUTE
    _printf_lli                              0x00000000   Number         0  stubs.o ABSOLUTE
    _printf_llo                              0x00000000   Number         0  stubs.o ABSOLUTE
    _printf_llu                              0x00000000   Number         0  stubs.o ABSOLUTE
    _printf_llx                              0x00000000   Number         0  stubs.o ABSOLUTE
    _printf_longlong_dec                     0x00000000   Number         0  stubs.o ABSOLUTE
    _printf_longlong_hex                     0x00000000   Number         0  stubs.o ABSOLUTE
    _printf_longlong_oct                     0x00000000   Number         0  stubs.o ABSOLUTE
    _printf_ls                               0x00000000   Number         0  stubs.o ABSOLUTE
    _printf_mbtowc                           0x00000000   Number         0  stubs.o ABSOLUTE
    _printf_n                                0x00000000   Number         0  stubs.o ABSOLUTE
    _printf_o                                0x00000000   Number         0  stubs.o ABSOLUTE
    _printf_p                                0x00000000   Number         0  stubs.o ABSOLUTE
    _printf_percent                          0x00000000   Number         0  stubs.o ABSOLUTE
    _printf_pre_padding                      0x00000000   Number         0  stubs.o ABSOLUTE
    _printf_return_value                     0x00000000   Number         0  stubs.o ABSOLUTE
    _printf_s                                0x00000000   Number         0  stubs.o ABSOLUTE
    _printf_sizespec                         0x00000000   Number         0  stubs.o ABSOLUTE
    _printf_str                              0x00000000   Number         0  stubs.o ABSOLUTE
    _printf_truncate_signed                  0x00000000   Number         0  stubs.o ABSOLUTE
    _printf_truncate_unsigned                0x00000000   Number         0  stubs.o ABSOLUTE
    _printf_u                                0x00000000   Number         0  stubs.o ABSOLUTE
    _printf_wc                               0x00000000   Number         0  stubs.o ABSOLUTE
    _printf_wctomb                           0x00000000   Number         0  stubs.o ABSOLUTE
    _printf_widthprec                        0x00000000   Number         0  stubs.o ABSOLUTE
    _printf_x                                0x00000000   Number         0  stubs.o ABSOLUTE
    __cpp_initialize__aeabi_                  - Undefined Weak Reference
    __cxa_finalize                            - Undefined Weak Reference
    _clock_init                               - Undefined Weak Reference
    _microlib_exit                            - Undefined Weak Reference
    __Vectors_Size                           0x000000ec   Number         0  startup_stm32f103xb.o ABSOLUTE
    __Vectors                                0x08000000   Data           4  startup_stm32f103xb.o(RESET)
    __Vectors_End                            0x080000ec   Data           0  startup_stm32f103xb.o(RESET)
    __main                                   0x080000ed   Thumb Code     0  entry.o(.ARM.Collect$$$$00000000)
    _main_stk                                0x080000ed   Thumb Code     0  entry2.o(.ARM.Collect$$$$00000001)
    _main_scatterload                        0x080000f1   Thumb Code     0  entry5.o(.ARM.Collect$$$$00000004)
    __main_after_scatterload                 0x080000f5   Thumb Code     0  entry5.o(.ARM.Collect$$$$00000004)
    _main_clock                              0x080000f5   Thumb Code     0  entry7b.o(.ARM.Collect$$$$00000008)
    _main_cpp_init                           0x080000f5   Thumb Code     0  entry8b.o(.ARM.Collect$$$$0000000A)
    _main_init                               0x080000f5   Thumb Code     0  entry9a.o(.ARM.Collect$$$$0000000B)
    __rt_final_cpp                           0x080000fd   Thumb Code     0  entry10a.o(.ARM.Collect$$$$0000000D)
    __rt_final_exit                          0x080000fd   Thumb Code     0  entry11a.o(.ARM.Collect$$$$0000000F)
    Reset_Handler                            0x08000101   Thumb Code     8  startup_stm32f103xb.o(.text)
    ADC1_2_IRQHandler                        0x0800011b   Thumb Code     0  startup_stm32f103xb.o(.text)
    CAN1_RX1_IRQHandler                      0x0800011b   Thumb Code     0  startup_stm32f103xb.o(.text)
    CAN1_SCE_IRQHandler                      0x0800011b   Thumb Code     0  startup_stm32f103xb.o(.text)
    DMA1_Channel1_IRQHandler                 0x0800011b   Thumb Code     0  startup_stm32f103xb.o(.text)
    DMA1_Channel2_IRQHandler                 0x0800011b   Thumb Code     0  startup_stm32f103xb.o(.text)
    DMA1_Channel3_IRQHandler                 0x0800011b   Thumb Code     0  startup_stm32f103xb.o(.text)
    DMA1_Channel4_IRQHandler                 0x0800011b   Thumb Code     0  startup_stm32f103xb.o(.text)
    DMA1_Channel5_IRQHandler                 0x0800011b   Thumb Code     0  startup_stm32f103xb.o(.text)
    EXTI0_IRQHandler                         0x0800011b   Thumb Code     0  startup_stm32f103xb.o(.text)
    EXTI15_10_IRQHandler                     0x0800011b   Thumb Code     0  startup_stm32f103xb.o(.text)
    EXTI1_IRQHandler                         0x0800011b   Thumb Code     0  startup_stm32f103xb.o(.text)
    EXTI2_IRQHandler                         0x0800011b   Thumb Code     0  startup_stm32f103xb.o(.text)
    EXTI3_IRQHandler                         0x0800011b   Thumb Code     0  startup_stm32f103xb.o(.text)
    EXTI4_IRQHandler                         0x0800011b   Thumb Code     0  startup_stm32f103xb.o(.text)
    EXTI9_5_IRQHandler                       0x0800011b   Thumb Code     0  startup_stm32f103xb.o(.text)
    FLASH_IRQHandler                         0x0800011b   Thumb Code     0  startup_stm32f103xb.o(.text)
    I2C1_ER_IRQHandler                       0x0800011b   Thumb Code     0  startup_stm32f103xb.o(.text)
    I2C1_EV_IRQHandler                       0x0800011b   Thumb Code     0  startup_stm32f103xb.o(.text)
    I2C2_ER_IRQHandler                       0x0800011b   Thumb Code     0  startup_stm32f103xb.o(.text)
    I2C2_EV_IRQHandler                       0x0800011b   Thumb Code     0  startup_stm32f103xb.o(.text)
    PVD_IRQHandler                           0x0800011b   Thumb Code     0  startup_stm32f103xb.o(.text)
    RCC_IRQHandler                           0x0800011b   Thumb Code     0  startup_stm32f103xb.o(.text)
    RTC_Alarm_IRQHandler                     0x0800011b   Thumb Code     0  startup_stm32f103xb.o(.text)
    RTC_IRQHandler                           0x0800011b   Thumb Code     0  startup_stm32f103xb.o(.text)
    SPI1_IRQHandler                          0x0800011b   Thumb Code     0  startup_stm32f103xb.o(.text)
    SPI2_IRQHandler                          0x0800011b   Thumb Code     0  startup_stm32f103xb.o(.text)
    TAMPER_IRQHandler                        0x0800011b   Thumb Code     0  startup_stm32f103xb.o(.text)
    TIM1_BRK_IRQHandler                      0x0800011b   Thumb Code     0  startup_stm32f103xb.o(.text)
    TIM1_CC_IRQHandler                       0x0800011b   Thumb Code     0  startup_stm32f103xb.o(.text)
    TIM1_TRG_COM_IRQHandler                  0x0800011b   Thumb Code     0  startup_stm32f103xb.o(.text)
    TIM1_UP_IRQHandler                       0x0800011b   Thumb Code     0  startup_stm32f103xb.o(.text)
    TIM2_IRQHandler                          0x0800011b   Thumb Code     0  startup_stm32f103xb.o(.text)
    TIM3_IRQHandler                          0x0800011b   Thumb Code     0  startup_stm32f103xb.o(.text)
    TIM4_IRQHandler                          0x0800011b   Thumb Code     0  startup_stm32f103xb.o(.text)
    USART1_IRQHandler                        0x0800011b   Thumb Code     0  startup_stm32f103xb.o(.text)
    USART3_IRQHandler                        0x0800011b   Thumb Code     0  startup_stm32f103xb.o(.text)
    USBWakeUp_IRQHandler                     0x0800011b   Thumb Code     0  startup_stm32f103xb.o(.text)
    USB_HP_CAN1_TX_IRQHandler                0x0800011b   Thumb Code     0  startup_stm32f103xb.o(.text)
    USB_LP_CAN1_RX0_IRQHandler               0x0800011b   Thumb Code     0  startup_stm32f103xb.o(.text)
    WWDG_IRQHandler                          0x0800011b   Thumb Code     0  startup_stm32f103xb.o(.text)
    __aeabi_llsr                             0x08000125   Thumb Code    32  llushr.o(.text)
    _ll_ushift_r                             0x08000125   Thumb Code     0  llushr.o(.text)
    __aeabi_memset                           0x08000145   Thumb Code    14  memseta.o(.text)
    __aeabi_memset4                          0x08000145   Thumb Code     0  memseta.o(.text)
    __aeabi_memset8                          0x08000145   Thumb Code     0  memseta.o(.text)
    __aeabi_memclr                           0x08000153   Thumb Code     4  memseta.o(.text)
    __aeabi_memclr4                          0x08000153   Thumb Code     0  memseta.o(.text)
    __aeabi_memclr8                          0x08000153   Thumb Code     0  memseta.o(.text)
    _memset$wrapper                          0x08000157   Thumb Code    18  memseta.o(.text)
    strtoul                                  0x08000169   Thumb Code   114  strtoul.o(.text)
    __aeabi_fmul                             0x080001db   Thumb Code   100  fmul.o(.text)
    __aeabi_fdiv                             0x0800023f   Thumb Code   124  fdiv.o(.text)
    __aeabi_dadd                             0x080002bb   Thumb Code   322  dadd.o(.text)
    __aeabi_dsub                             0x080003fd   Thumb Code     6  dadd.o(.text)
    __aeabi_drsub                            0x08000403   Thumb Code     6  dadd.o(.text)
    __aeabi_dmul                             0x08000409   Thumb Code   228  dmul.o(.text)
    __aeabi_ddiv                             0x080004ed   Thumb Code   222  ddiv.o(.text)
    __aeabi_ui2f                             0x080005cb   Thumb Code    10  ffltui.o(.text)
    __aeabi_i2d                              0x080005d5   Thumb Code    34  dflti.o(.text)
    __aeabi_f2uiz                            0x080005f7   Thumb Code    40  ffixui.o(.text)
    __aeabi_f2d                              0x0800061f   Thumb Code    38  f2d.o(.text)
    __aeabi_cdcmpeq                          0x08000645   Thumb Code     0  cdcmple.o(.text)
    __aeabi_cdcmple                          0x08000645   Thumb Code    48  cdcmple.o(.text)
    __aeabi_d2f                              0x08000675   Thumb Code    56  d2f.o(.text)
    __aeabi_cfcmpeq                          0x080006ad   Thumb Code     0  cfcmple.o(.text)
    __aeabi_cfcmple                          0x080006ad   Thumb Code    20  cfcmple.o(.text)
    __aeabi_cfrcmple                         0x080006c1   Thumb Code    20  cfrcmple.o(.text)
    __aeabi_uidiv                            0x080006d5   Thumb Code     0  uidiv.o(.text)
    __aeabi_uidivmod                         0x080006d5   Thumb Code    44  uidiv.o(.text)
    __aeabi_uldivmod                         0x08000701   Thumb Code    98  uldiv.o(.text)
    __aeabi_llsl                             0x08000763   Thumb Code    30  llshl.o(.text)
    _ll_shift_l                              0x08000763   Thumb Code     0  llshl.o(.text)
    __aeabi_lasr                             0x08000781   Thumb Code    36  llsshr.o(.text)
    _ll_sshift_r                             0x08000781   Thumb Code     0  llsshr.o(.text)
    __rt_ctype_table                         0x080007a5   Thumb Code     4  ctype_o.o(.text)
    _strtoul                                 0x080007ad   Thumb Code   158  _strtoul.o(.text)
    __I$use$fp                               0x0800084b   Thumb Code     0  iusefp.o(.text)
    _float_round                             0x0800084b   Thumb Code    18  fepilogue.o(.text)
    _float_epilogue                          0x0800085d   Thumb Code    92  fepilogue.o(.text)
    _double_round                            0x080008b9   Thumb Code    30  depilogue.o(.text)
    _double_epilogue                         0x080008d7   Thumb Code   156  depilogue.o(.text)
    __aeabi_d2ulz                            0x08000973   Thumb Code    48  dfixul.o(.text)
    __aeabi_cdrcmple                         0x080009a5   Thumb Code    48  cdrcmple.o(.text)
    __scatterload                            0x080009d5   Thumb Code    28  init.o(.text)
    __scatterload_rt2                        0x080009d5   Thumb Code     0  init.o(.text)
    _chval                                   0x080009f9   Thumb Code    28  _chval.o(.text)
    __decompress                             0x08000a15   Thumb Code     0  __dczerorl2.o(.text)
    __decompress1                            0x08000a15   Thumb Code    86  __dczerorl2.o(.text)
    BusFault_Handler                         0x08000a6b   Thumb Code     4  stm32f1xx_it.o(i.BusFault_Handler)
    DMA1_Channel6_IRQHandler                 0x08000a71   Thumb Code    10  stm32f1xx_it.o(i.DMA1_Channel6_IRQHandler)
    DMA1_Channel7_IRQHandler                 0x08000a81   Thumb Code    10  stm32f1xx_it.o(i.DMA1_Channel7_IRQHandler)
    DebugMon_Handler                         0x08000abd   Thumb Code     2  stm32f1xx_it.o(i.DebugMon_Handler)
    Error_Handler                            0x08000abf   Thumb Code     2  main.o(i.Error_Handler)
    HAL_DMA_Abort                            0x08000ac1   Thumb Code    86  stm32f1xx_hal_dma.o(i.HAL_DMA_Abort)
    HAL_DMA_Abort_IT                         0x08000b19   Thumb Code   172  stm32f1xx_hal_dma.o(i.HAL_DMA_Abort_IT)
    HAL_DMA_IRQHandler                       0x08000bc9   Thumb Code   408  stm32f1xx_hal_dma.o(i.HAL_DMA_IRQHandler)
    HAL_DMA_Init                             0x08000d65   Thumb Code   100  stm32f1xx_hal_dma.o(i.HAL_DMA_Init)
    HAL_DMA_Start_IT                         0x08000dcd   Thumb Code   156  stm32f1xx_hal_dma.o(i.HAL_DMA_Start_IT)
    HAL_Delay                                0x08000e69   Thumb Code    36  stm32f1xx_hal.o(i.HAL_Delay)
    HAL_GPIO_Init                            0x08000e91   Thumb Code   766  stm32f1xx_hal_gpio.o(i.HAL_GPIO_Init)
    HAL_GPIO_ReadPin                         0x080011b1   Thumb Code    16  stm32f1xx_hal_gpio.o(i.HAL_GPIO_ReadPin)
    HAL_GPIO_TogglePin                       0x080011c1   Thumb Code    20  stm32f1xx_hal_gpio.o(i.HAL_GPIO_TogglePin)
    HAL_GPIO_WritePin                        0x080011d5   Thumb Code    12  stm32f1xx_hal_gpio.o(i.HAL_GPIO_WritePin)
    HAL_GetTick                              0x080011e1   Thumb Code     6  stm32f1xx_hal.o(i.HAL_GetTick)
    HAL_I2C_Init                             0x080011ed   Thumb Code   446  stm32f1xx_hal_i2c.o(i.HAL_I2C_Init)
    HAL_I2C_Mem_Write                        0x080013bd   Thumb Code   348  stm32f1xx_hal_i2c.o(i.HAL_I2C_Mem_Write)
    HAL_I2C_MspInit                          0x08001521   Thumb Code   104  i2c.o(i.HAL_I2C_MspInit)
    HAL_IncTick                              0x08001595   Thumb Code    16  stm32f1xx_hal.o(i.HAL_IncTick)
    HAL_Init                                 0x080015ad   Thumb Code    34  stm32f1xx_hal.o(i.HAL_Init)
    HAL_InitTick                             0x080015d5   Thumb Code    64  stm32f1xx_hal.o(i.HAL_InitTick)
    HAL_MspInit                              0x08001621   Thumb Code    76  stm32f1xx_hal_msp.o(i.HAL_MspInit)
    HAL_NVIC_EnableIRQ                       0x08001675   Thumb Code    32  stm32f1xx_hal_cortex.o(i.HAL_NVIC_EnableIRQ)
    HAL_NVIC_SetPriority                     0x08001695   Thumb Code   124  stm32f1xx_hal_cortex.o(i.HAL_NVIC_SetPriority)
    HAL_NVIC_SetPriorityGrouping             0x08001711   Thumb Code    32  stm32f1xx_hal_cortex.o(i.HAL_NVIC_SetPriorityGrouping)
    HAL_PWR_EnableBkUpAccess                 0x08001739   Thumb Code     8  stm32f1xx_hal_pwr.o(i.HAL_PWR_EnableBkUpAccess)
    HAL_RCCEx_GetPeriphCLKFreq               0x08001745   Thumb Code   232  stm32f1xx_hal_rcc_ex.o(i.HAL_RCCEx_GetPeriphCLKFreq)
    HAL_RCCEx_PeriphCLKConfig                0x08001841   Thumb Code   290  stm32f1xx_hal_rcc_ex.o(i.HAL_RCCEx_PeriphCLKConfig)
    HAL_RCC_ClockConfig                      0x08001971   Thumb Code   376  stm32f1xx_hal_rcc.o(i.HAL_RCC_ClockConfig)
    HAL_RCC_GetHCLKFreq                      0x08001afd   Thumb Code     6  stm32f1xx_hal_rcc.o(i.HAL_RCC_GetHCLKFreq)
    HAL_RCC_GetPCLK1Freq                     0x08001b09   Thumb Code    22  stm32f1xx_hal_rcc.o(i.HAL_RCC_GetPCLK1Freq)
    HAL_RCC_GetPCLK2Freq                     0x08001b29   Thumb Code    22  stm32f1xx_hal_rcc.o(i.HAL_RCC_GetPCLK2Freq)
    HAL_RCC_GetSysClockFreq                  0x08001b49   Thumb Code    92  stm32f1xx_hal_rcc.o(i.HAL_RCC_GetSysClockFreq)
    HAL_RCC_OscConfig                        0x08001bb9   Thumb Code  1114  stm32f1xx_hal_rcc.o(i.HAL_RCC_OscConfig)
    HAL_RTC_Init                             0x0800201d   Thumb Code   188  stm32f1xx_hal_rtc.o(i.HAL_RTC_Init)
    HAL_RTC_MspInit                          0x080020dd   Thumb Code    52  rtc.o(i.HAL_RTC_MspInit)
    HAL_RTC_WaitForSynchro                   0x0800211d   Thumb Code    64  stm32f1xx_hal_rtc.o(i.HAL_RTC_WaitForSynchro)
    HAL_SYSTICK_Config                       0x0800215d   Thumb Code    52  stm32f1xx_hal_cortex.o(i.HAL_SYSTICK_Config)
    HAL_TIMEx_ConfigBreakDeadTime            0x08002191   Thumb Code   116  stm32f1xx_hal_tim_ex.o(i.HAL_TIMEx_ConfigBreakDeadTime)
    HAL_TIMEx_MasterConfigSynchronization    0x08002205   Thumb Code   118  stm32f1xx_hal_tim_ex.o(i.HAL_TIMEx_MasterConfigSynchronization)
    HAL_TIM_Base_Init                        0x08002289   Thumb Code   102  stm32f1xx_hal_tim.o(i.HAL_TIM_Base_Init)
    HAL_TIM_Base_MspInit                     0x080022f1   Thumb Code    40  tim.o(i.HAL_TIM_Base_MspInit)
    HAL_TIM_ConfigClockSource                0x08002321   Thumb Code   268  stm32f1xx_hal_tim.o(i.HAL_TIM_ConfigClockSource)
    HAL_TIM_MspPostInit                      0x0800242d   Thumb Code    74  tim.o(i.HAL_TIM_MspPostInit)
    HAL_TIM_PWM_ConfigChannel                0x08002485   Thumb Code   260  stm32f1xx_hal_tim.o(i.HAL_TIM_PWM_ConfigChannel)
    HAL_TIM_PWM_Init                         0x08002589   Thumb Code   102  stm32f1xx_hal_tim.o(i.HAL_TIM_PWM_Init)
    HAL_TIM_PWM_MspInit                      0x080025ef   Thumb Code     2  stm32f1xx_hal_tim.o(i.HAL_TIM_PWM_MspInit)
    HAL_TIM_PWM_Start                        0x080025f1   Thumb Code   198  stm32f1xx_hal_tim.o(i.HAL_TIM_PWM_Start)
    HAL_UARTEx_RxEventCallback               0x080026c5   Thumb Code     2  stm32f1xx_hal_uart.o(i.HAL_UARTEx_RxEventCallback)
    HAL_UART_DMAStop                         0x080026c7   Thumb Code   138  stm32f1xx_hal_uart.o(i.HAL_UART_DMAStop)
    HAL_UART_ErrorCallback                   0x08002751   Thumb Code     2  stm32f1xx_hal_uart.o(i.HAL_UART_ErrorCallback)
    HAL_UART_IRQHandler                      0x08002755   Thumb Code   736  stm32f1xx_hal_uart.o(i.HAL_UART_IRQHandler)
    HAL_UART_Init                            0x08002a39   Thumb Code   118  stm32f1xx_hal_uart.o(i.HAL_UART_Init)
    HAL_UART_MspInit                         0x08002ab1   Thumb Code   346  usart.o(i.HAL_UART_MspInit)
    HAL_UART_Receive_DMA                     0x08002c29   Thumb Code    44  stm32f1xx_hal_uart.o(i.HAL_UART_Receive_DMA)
    HAL_UART_RxCpltCallback                  0x08002c55   Thumb Code     2  stm32f1xx_hal_uart.o(i.HAL_UART_RxCpltCallback)
    HAL_UART_RxHalfCpltCallback              0x08002c57   Thumb Code     2  stm32f1xx_hal_uart.o(i.HAL_UART_RxHalfCpltCallback)
    HAL_UART_TxCpltCallback                  0x08002c59   Thumb Code    22  main.o(i.HAL_UART_TxCpltCallback)
    HardFault_Handler                        0x08002c79   Thumb Code     4  stm32f1xx_it.o(i.HardFault_Handler)
    MX_DMA_Init                              0x08003021   Thumb Code    64  dma.o(i.MX_DMA_Init)
    MX_GPIO_Init                             0x08003065   Thumb Code   154  gpio.o(i.MX_GPIO_Init)
    MX_I2C1_Init                             0x0800310d   Thumb Code    48  i2c.o(i.MX_I2C1_Init)
    MX_RTC_Init                              0x08003149   Thumb Code    34  rtc.o(i.MX_RTC_Init)
    MX_TIM1_Init                             0x08003175   Thumb Code   212  tim.o(i.MX_TIM1_Init)
    MX_USART1_UART_Init                      0x08003251   Thumb Code    46  usart.o(i.MX_USART1_UART_Init)
    MX_USART2_UART_Init                      0x08003289   Thumb Code    46  usart.o(i.MX_USART2_UART_Init)
    MemManage_Handler                        0x080032c1   Thumb Code     4  stm32f1xx_it.o(i.MemManage_Handler)
    NMI_Handler                              0x080032c5   Thumb Code     2  stm32f1xx_it.o(i.NMI_Handler)
    OLED_Clear                               0x080032c7   Thumb Code    56  oled.o(i.OLED_Clear)
    OLED_Init                                0x08003301   Thumb Code    46  oled.o(i.OLED_Init)
    OLED_Set_Pos                             0x08003339   Thumb Code    36  oled.o(i.OLED_Set_Pos)
    OLED_ShowCHinese                         0x0800335d   Thumb Code   104  oled.o(i.OLED_ShowCHinese)
    OLED_ShowChar                            0x080033c9   Thumb Code   148  oled.o(i.OLED_ShowChar)
    OLED_ShowNum                             0x08003465   Thumb Code   136  oled.o(i.OLED_ShowNum)
    OLED_ShowString                          0x080034ed   Thumb Code    58  oled.o(i.OLED_ShowString)
    OLED_Showfloat                           0x08003529   Thumb Code    88  oled.o(i.OLED_Showfloat)
    OLED_WR_Cmd                              0x0800358d   Thumb Code    34  oled.o(i.OLED_WR_Cmd)
    OLED_WR_Data                             0x080035b5   Thumb Code    34  oled.o(i.OLED_WR_Data)
    PendSV_Handler                           0x080035dd   Thumb Code     2  stm32f1xx_it.o(i.PendSV_Handler)
    SVC_Handler                              0x0800367d   Thumb Code     2  stm32f1xx_it.o(i.SVC_Handler)
    SysTick_Handler                          0x0800367f   Thumb Code     8  stm32f1xx_it.o(i.SysTick_Handler)
    SystemClock_Config                       0x08003687   Thumb Code   136  main.o(i.SystemClock_Config)
    SystemInit                               0x0800370f   Thumb Code     2  system_stm32f1xx.o(i.SystemInit)
    TDS_Value_Conversion                     0x08003711   Thumb Code   382  main.o(i.TDS_Value_Conversion)
    TIM_Base_SetConfig                       0x080038dd   Thumb Code   104  stm32f1xx_hal_tim.o(i.TIM_Base_SetConfig)
    TIM_CCxChannelCmd                        0x08003951   Thumb Code    34  stm32f1xx_hal_tim.o(i.TIM_CCxChannelCmd)
    TIM_ETR_SetConfig                        0x08003973   Thumb Code    22  stm32f1xx_hal_tim.o(i.TIM_ETR_SetConfig)
    TIM_OC2_SetConfig                        0x080039fd   Thumb Code   100  stm32f1xx_hal_tim.o(i.TIM_OC2_SetConfig)
    UART_Start_Receive_DMA                   0x08003f49   Thumb Code   186  stm32f1xx_hal_uart.o(i.UART_Start_Receive_DMA)
    USART2_IRQHandler                        0x08004071   Thumb Code    92  stm32f1xx_it.o(i.USART2_IRQHandler)
    UsageFault_Handler                       0x080040e1   Thumb Code     4  stm32f1xx_it.o(i.UsageFault_Handler)
    __0sprintf                               0x080040e5   Thumb Code    34  printfa.o(i.__0sprintf)
    __1sprintf                               0x080040e5   Thumb Code     0  printfa.o(i.__0sprintf)
    __2sprintf                               0x080040e5   Thumb Code     0  printfa.o(i.__0sprintf)
    __c89sprintf                             0x080040e5   Thumb Code     0  printfa.o(i.__0sprintf)
    sprintf                                  0x080040e5   Thumb Code     0  printfa.o(i.__0sprintf)
    __aeabi_errno_addr                       0x08004145   Thumb Code     4  errno.o(i.__aeabi_errno_addr)
    __rt_errno_addr                          0x08004145   Thumb Code     0  errno.o(i.__aeabi_errno_addr)
    __scatterload_copy                       0x0800414d   Thumb Code    14  handlers.o(i.__scatterload_copy)
    __scatterload_null                       0x0800415b   Thumb Code     2  handlers.o(i.__scatterload_null)
    __scatterload_zeroinit                   0x0800415d   Thumb Code    14  handlers.o(i.__scatterload_zeroinit)
    main                                     0x08004a29   Thumb Code  1562  main.o(i.main)
    oled_pow                                 0x08005061   Thumb Code    22  oled.o(i.oled_pow)
    warinig                                  0x08005079   Thumb Code   452  main.o(i.warinig)
    F6x8                                     0x08005260   Data         552  oled.o(.constdata)
    F8X16                                    0x08005488   Data        1520  oled.o(.constdata)
    AHBPrescTable                            0x08005a9c   Data          16  system_stm32f1xx.o(.constdata)
    APBPrescTable                            0x08005aac   Data           8  system_stm32f1xx.o(.constdata)
    __ctype_table                            0x08005ab4   Data         129  ctype_o.o(.constdata)
    Region$$Table$$Base                      0x08005b3c   Number         0  anon$$obj.o(Region$$Table)
    Region$$Table$$Limit                     0x08005b5c   Number         0  anon$$obj.o(Region$$Table)
    Hzk                                      0x20000000   Data        1344  oled.o(.data)
    CMD_Data                                 0x20000540   Data          27  oled.o(.data)
    zzh                                      0x2000055c   Data           4  main.o(.data)
    phh                                      0x20000560   Data           4  main.o(.data)
    phl                                      0x20000564   Data           4  main.o(.data)
    turn                                     0x20000568   Data           4  main.o(.data)
    menu                                     0x2000056c   Data           4  main.o(.data)
    k                                        0x20000570   Data           4  main.o(.data)
    l                                        0x20000574   Data           4  main.o(.data)
    m                                        0x20000578   Data           4  main.o(.data)
    n                                        0x2000057c   Data           4  main.o(.data)
    pwmnum                                   0x20000580   Data           4  main.o(.data)
    i                                        0x20000584   Data           1  main.o(.data)
    ad1                                      0x20000588   Data           4  main.o(.data)
    ad2                                      0x2000058c   Data           4  main.o(.data)
    num                                      0x20000590   Data           4  main.o(.data)
    num2                                     0x20000594   Data           4  main.o(.data)
    leftover                                 0x20000598   Data           4  main.o(.data)
    leftover2                                0x2000059c   Data           4  main.o(.data)
    zazi                                     0x200005a0   Data           4  main.o(.data)
    ph                                       0x200005a4   Data           4  main.o(.data)
    num3                                     0x200005a8   Data           4  main.o(.data)
    phValue                                  0x200005ac   Data           4  main.o(.data)
    ADC_ConvertedValueLocal                  0x200005b0   Data           4  main.o(.data)
    compensationCoefficient                  0x200005b4   Data           4  main.o(.data)
    compensationVolatge                      0x200005b8   Data           4  main.o(.data)
    TDS                                      0x200005bc   Data           4  main.o(.data)
    TDS_voltage                              0x200005c0   Data           4  main.o(.data)
    TDS_value                                0x200005c4   Data           4  main.o(.data)
    voltage_value                            0x200005c8   Data           4  main.o(.data)
    kValue                                   0x200005cc   Data           4  main.o(.data)
    Rx_len                                   0x200005d0   Data           1  main.o(.data)
    uwTick                                   0x200005d4   Data           4  stm32f1xx_hal.o(.data)
    uwTickPrio                               0x200005d8   Data           4  stm32f1xx_hal.o(.data)
    uwTickFreq                               0x200005dc   Data           1  stm32f1xx_hal.o(.data)
    SystemCoreClock                          0x200005e0   Data           4  system_stm32f1xx.o(.data)
    ADC_Value                                0x200005e8   Data         400  main.o(.bss)
    ReceiveBuff                              0x20000778   Data         255  main.o(.bss)
    hi2c1                                    0x20000878   Data          84  i2c.o(.bss)
    hrtc                                     0x200008cc   Data          20  rtc.o(.bss)
    htim1                                    0x200008e0   Data          72  tim.o(.bss)
    huart1                                   0x20000928   Data          72  usart.o(.bss)
    huart2                                   0x20000970   Data          72  usart.o(.bss)
    hdma_usart2_rx                           0x200009b8   Data          68  usart.o(.bss)
    hdma_usart2_tx                           0x200009fc   Data          68  usart.o(.bss)
    __initial_sp                             0x20000e40   Data           0  startup_stm32f103xb.o(STACK)



==============================================================================

Memory Map of the image

  Image Entry point : 0x080000ed

  Load Region LR_IROM1 (Base: 0x08000000, Size: 0x00006144, Max: 0x00010000, ABSOLUTE, COMPRESSED[0x00005dc8])

    Execution Region ER_IROM1 (Exec base: 0x08000000, Load base: 0x08000000, Size: 0x00005b5c, Max: 0x00010000, ABSOLUTE)

    Exec Addr    Load Addr    Size         Type   Attr      Idx    E Section Name        Object

    0x08000000   0x08000000   0x000000ec   Data   RO            3    RESET               startup_stm32f103xb.o
    0x080000ec   0x080000ec   0x00000000   Code   RO         3884  * .ARM.Collect$$$$00000000  mc_w.l(entry.o)
    0x080000ec   0x080000ec   0x00000004   Code   RO         4180    .ARM.Collect$$$$00000001  mc_w.l(entry2.o)
    0x080000f0   0x080000f0   0x00000004   Code   RO         4183    .ARM.Collect$$$$00000004  mc_w.l(entry5.o)
    0x080000f4   0x080000f4   0x00000000   Code   RO         4185    .ARM.Collect$$$$00000008  mc_w.l(entry7b.o)
    0x080000f4   0x080000f4   0x00000000   Code   RO         4187    .ARM.Collect$$$$0000000A  mc_w.l(entry8b.o)
    0x080000f4   0x080000f4   0x00000008   Code   RO         4188    .ARM.Collect$$$$0000000B  mc_w.l(entry9a.o)
    0x080000fc   0x080000fc   0x00000000   Code   RO         4190    .ARM.Collect$$$$0000000D  mc_w.l(entry10a.o)
    0x080000fc   0x080000fc   0x00000000   Code   RO         4192    .ARM.Collect$$$$0000000F  mc_w.l(entry11a.o)
    0x080000fc   0x080000fc   0x00000004   Code   RO         4181    .ARM.Collect$$$$00002712  mc_w.l(entry2.o)
    0x08000100   0x08000100   0x00000024   Code   RO            4    .text               startup_stm32f103xb.o
    0x08000124   0x08000124   0x00000020   Code   RO         3887    .text               mc_w.l(llushr.o)
    0x08000144   0x08000144   0x00000024   Code   RO         3889    .text               mc_w.l(memseta.o)
    0x08000168   0x08000168   0x00000072   Code   RO         4152    .text               mc_w.l(strtoul.o)
    0x080001da   0x080001da   0x00000064   Code   RO         4154    .text               mf_w.l(fmul.o)
    0x0800023e   0x0800023e   0x0000007c   Code   RO         4156    .text               mf_w.l(fdiv.o)
    0x080002ba   0x080002ba   0x0000014e   Code   RO         4158    .text               mf_w.l(dadd.o)
    0x08000408   0x08000408   0x000000e4   Code   RO         4160    .text               mf_w.l(dmul.o)
    0x080004ec   0x080004ec   0x000000de   Code   RO         4162    .text               mf_w.l(ddiv.o)
    0x080005ca   0x080005ca   0x0000000a   Code   RO         4164    .text               mf_w.l(ffltui.o)
    0x080005d4   0x080005d4   0x00000022   Code   RO         4166    .text               mf_w.l(dflti.o)
    0x080005f6   0x080005f6   0x00000028   Code   RO         4168    .text               mf_w.l(ffixui.o)
    0x0800061e   0x0800061e   0x00000026   Code   RO         4170    .text               mf_w.l(f2d.o)
    0x08000644   0x08000644   0x00000030   Code   RO         4172    .text               mf_w.l(cdcmple.o)
    0x08000674   0x08000674   0x00000038   Code   RO         4174    .text               mf_w.l(d2f.o)
    0x080006ac   0x080006ac   0x00000014   Code   RO         4176    .text               mf_w.l(cfcmple.o)
    0x080006c0   0x080006c0   0x00000014   Code   RO         4178    .text               mf_w.l(cfrcmple.o)
    0x080006d4   0x080006d4   0x0000002c   Code   RO         4195    .text               mc_w.l(uidiv.o)
    0x08000700   0x08000700   0x00000062   Code   RO         4197    .text               mc_w.l(uldiv.o)
    0x08000762   0x08000762   0x0000001e   Code   RO         4199    .text               mc_w.l(llshl.o)
    0x08000780   0x08000780   0x00000024   Code   RO         4201    .text               mc_w.l(llsshr.o)
    0x080007a4   0x080007a4   0x00000008   Code   RO         4203    .text               mc_w.l(ctype_o.o)
    0x080007ac   0x080007ac   0x0000009e   Code   RO         4238    .text               mc_w.l(_strtoul.o)
    0x0800084a   0x0800084a   0x00000000   Code   RO         4240    .text               mc_w.l(iusefp.o)
    0x0800084a   0x0800084a   0x0000006e   Code   RO         4241    .text               mf_w.l(fepilogue.o)
    0x080008b8   0x080008b8   0x000000ba   Code   RO         4243    .text               mf_w.l(depilogue.o)
    0x08000972   0x08000972   0x00000030   Code   RO         4245    .text               mf_w.l(dfixul.o)
    0x080009a2   0x080009a2   0x00000002   PAD
    0x080009a4   0x080009a4   0x00000030   Code   RO         4247    .text               mf_w.l(cdrcmple.o)
    0x080009d4   0x080009d4   0x00000024   Code   RO         4249    .text               mc_w.l(init.o)
    0x080009f8   0x080009f8   0x0000001c   Code   RO         4251    .text               mc_w.l(_chval.o)
    0x08000a14   0x08000a14   0x00000056   Code   RO         4261    .text               mc_w.l(__dczerorl2.o)
    0x08000a6a   0x08000a6a   0x00000004   Code   RO          577    i.BusFault_Handler  stm32f1xx_it.o
    0x08000a6e   0x08000a6e   0x00000002   PAD
    0x08000a70   0x08000a70   0x00000010   Code   RO          578    i.DMA1_Channel6_IRQHandler  stm32f1xx_it.o
    0x08000a80   0x08000a80   0x00000010   Code   RO          579    i.DMA1_Channel7_IRQHandler  stm32f1xx_it.o
    0x08000a90   0x08000a90   0x0000002c   Code   RO         1593    i.DMA_SetConfig     stm32f1xx_hal_dma.o
    0x08000abc   0x08000abc   0x00000002   Code   RO          580    i.DebugMon_Handler  stm32f1xx_it.o
    0x08000abe   0x08000abe   0x00000002   Code   RO          245    i.Error_Handler     main.o
    0x08000ac0   0x08000ac0   0x00000056   Code   RO         1594    i.HAL_DMA_Abort     stm32f1xx_hal_dma.o
    0x08000b16   0x08000b16   0x00000002   PAD
    0x08000b18   0x08000b18   0x000000b0   Code   RO         1595    i.HAL_DMA_Abort_IT  stm32f1xx_hal_dma.o
    0x08000bc8   0x08000bc8   0x0000019c   Code   RO         1599    i.HAL_DMA_IRQHandler  stm32f1xx_hal_dma.o
    0x08000d64   0x08000d64   0x00000068   Code   RO         1600    i.HAL_DMA_Init      stm32f1xx_hal_dma.o
    0x08000dcc   0x08000dcc   0x0000009c   Code   RO         1604    i.HAL_DMA_Start_IT  stm32f1xx_hal_dma.o
    0x08000e68   0x08000e68   0x00000028   Code   RO         1215    i.HAL_Delay         stm32f1xx_hal.o
    0x08000e90   0x08000e90   0x00000320   Code   RO         1530    i.HAL_GPIO_Init     stm32f1xx_hal_gpio.o
    0x080011b0   0x080011b0   0x00000010   Code   RO         1532    i.HAL_GPIO_ReadPin  stm32f1xx_hal_gpio.o
    0x080011c0   0x080011c0   0x00000014   Code   RO         1533    i.HAL_GPIO_TogglePin  stm32f1xx_hal_gpio.o
    0x080011d4   0x080011d4   0x0000000c   Code   RO         1534    i.HAL_GPIO_WritePin  stm32f1xx_hal_gpio.o
    0x080011e0   0x080011e0   0x0000000c   Code   RO         1219    i.HAL_GetTick       stm32f1xx_hal.o
    0x080011ec   0x080011ec   0x000001d0   Code   RO          742    i.HAL_I2C_Init      stm32f1xx_hal_i2c.o
    0x080013bc   0x080013bc   0x00000164   Code   RO          763    i.HAL_I2C_Mem_Write  stm32f1xx_hal_i2c.o
    0x08001520   0x08001520   0x00000074   Code   RO          398    i.HAL_I2C_MspInit   i2c.o
    0x08001594   0x08001594   0x00000018   Code   RO         1225    i.HAL_IncTick       stm32f1xx_hal.o
    0x080015ac   0x080015ac   0x00000028   Code   RO         1226    i.HAL_Init          stm32f1xx_hal.o
    0x080015d4   0x080015d4   0x0000004c   Code   RO         1227    i.HAL_InitTick      stm32f1xx_hal.o
    0x08001620   0x08001620   0x00000054   Code   RO          671    i.HAL_MspInit       stm32f1xx_hal_msp.o
    0x08001674   0x08001674   0x00000020   Code   RO         1690    i.HAL_NVIC_EnableIRQ  stm32f1xx_hal_cortex.o
    0x08001694   0x08001694   0x0000007c   Code   RO         1696    i.HAL_NVIC_SetPriority  stm32f1xx_hal_cortex.o
    0x08001710   0x08001710   0x00000028   Code   RO         1697    i.HAL_NVIC_SetPriorityGrouping  stm32f1xx_hal_cortex.o
    0x08001738   0x08001738   0x0000000c   Code   RO         1817    i.HAL_PWR_EnableBkUpAccess  stm32f1xx_hal_pwr.o
    0x08001744   0x08001744   0x000000fc   Code   RO         1491    i.HAL_RCCEx_GetPeriphCLKFreq  stm32f1xx_hal_rcc_ex.o
    0x08001840   0x08001840   0x00000130   Code   RO         1492    i.HAL_RCCEx_PeriphCLKConfig  stm32f1xx_hal_rcc_ex.o
    0x08001970   0x08001970   0x0000018c   Code   RO         1383    i.HAL_RCC_ClockConfig  stm32f1xx_hal_rcc.o
    0x08001afc   0x08001afc   0x0000000c   Code   RO         1388    i.HAL_RCC_GetHCLKFreq  stm32f1xx_hal_rcc.o
    0x08001b08   0x08001b08   0x00000020   Code   RO         1390    i.HAL_RCC_GetPCLK1Freq  stm32f1xx_hal_rcc.o
    0x08001b28   0x08001b28   0x00000020   Code   RO         1391    i.HAL_RCC_GetPCLK2Freq  stm32f1xx_hal_rcc.o
    0x08001b48   0x08001b48   0x00000070   Code   RO         1392    i.HAL_RCC_GetSysClockFreq  stm32f1xx_hal_rcc.o
    0x08001bb8   0x08001bb8   0x00000464   Code   RO         1395    i.HAL_RCC_OscConfig  stm32f1xx_hal_rcc.o
    0x0800201c   0x0800201c   0x000000c0   Code   RO         2224    i.HAL_RTC_Init      stm32f1xx_hal_rtc.o
    0x080020dc   0x080020dc   0x00000040   Code   RO          440    i.HAL_RTC_MspInit   rtc.o
    0x0800211c   0x0800211c   0x00000040   Code   RO         2232    i.HAL_RTC_WaitForSynchro  stm32f1xx_hal_rtc.o
    0x0800215c   0x0800215c   0x00000034   Code   RO         1701    i.HAL_SYSTICK_Config  stm32f1xx_hal_cortex.o
    0x08002190   0x08002190   0x00000074   Code   RO         3213    i.HAL_TIMEx_ConfigBreakDeadTime  stm32f1xx_hal_tim_ex.o
    0x08002204   0x08002204   0x00000084   Code   RO         3229    i.HAL_TIMEx_MasterConfigSynchronization  stm32f1xx_hal_tim_ex.o
    0x08002288   0x08002288   0x00000066   Code   RO         2495    i.HAL_TIM_Base_Init  stm32f1xx_hal_tim.o
    0x080022ee   0x080022ee   0x00000002   PAD
    0x080022f0   0x080022f0   0x00000030   Code   RO          482    i.HAL_TIM_Base_MspInit  tim.o
    0x08002320   0x08002320   0x0000010c   Code   RO         2504    i.HAL_TIM_ConfigClockSource  stm32f1xx_hal_tim.o
    0x0800242c   0x0800242c   0x00000058   Code   RO          483    i.HAL_TIM_MspPostInit  tim.o
    0x08002484   0x08002484   0x00000104   Code   RO         2567    i.HAL_TIM_PWM_ConfigChannel  stm32f1xx_hal_tim.o
    0x08002588   0x08002588   0x00000066   Code   RO         2570    i.HAL_TIM_PWM_Init  stm32f1xx_hal_tim.o
    0x080025ee   0x080025ee   0x00000002   Code   RO         2572    i.HAL_TIM_PWM_MspInit  stm32f1xx_hal_tim.o
    0x080025f0   0x080025f0   0x000000d4   Code   RO         2575    i.HAL_TIM_PWM_Start  stm32f1xx_hal_tim.o
    0x080026c4   0x080026c4   0x00000002   Code   RO         3489    i.HAL_UARTEx_RxEventCallback  stm32f1xx_hal_uart.o
    0x080026c6   0x080026c6   0x0000008a   Code   RO         3501    i.HAL_UART_DMAStop  stm32f1xx_hal_uart.o
    0x08002750   0x08002750   0x00000002   Code   RO         3503    i.HAL_UART_ErrorCallback  stm32f1xx_hal_uart.o
    0x08002752   0x08002752   0x00000002   PAD
    0x08002754   0x08002754   0x000002e4   Code   RO         3506    i.HAL_UART_IRQHandler  stm32f1xx_hal_uart.o
    0x08002a38   0x08002a38   0x00000076   Code   RO         3507    i.HAL_UART_Init     stm32f1xx_hal_uart.o
    0x08002aae   0x08002aae   0x00000002   PAD
    0x08002ab0   0x08002ab0   0x00000178   Code   RO          530    i.HAL_UART_MspInit  usart.o
    0x08002c28   0x08002c28   0x0000002c   Code   RO         3511    i.HAL_UART_Receive_DMA  stm32f1xx_hal_uart.o
    0x08002c54   0x08002c54   0x00000002   Code   RO         3513    i.HAL_UART_RxCpltCallback  stm32f1xx_hal_uart.o
    0x08002c56   0x08002c56   0x00000002   Code   RO         3514    i.HAL_UART_RxHalfCpltCallback  stm32f1xx_hal_uart.o
    0x08002c58   0x08002c58   0x00000020   Code   RO          246    i.HAL_UART_TxCpltCallback  main.o
    0x08002c78   0x08002c78   0x00000004   Code   RO          581    i.HardFault_Handler  stm32f1xx_it.o
    0x08002c7c   0x08002c7c   0x0000003e   Code   RO          786    i.I2C_IsAcknowledgeFailed  stm32f1xx_hal_i2c.o
    0x08002cba   0x08002cba   0x00000002   PAD
    0x08002cbc   0x08002cbc   0x000000e0   Code   RO          798    i.I2C_RequestMemoryWrite  stm32f1xx_hal_i2c.o
    0x08002d9c   0x08002d9c   0x00000066   Code   RO          806    i.I2C_WaitOnBTFFlagUntilTimeout  stm32f1xx_hal_i2c.o
    0x08002e02   0x08002e02   0x000000be   Code   RO          807    i.I2C_WaitOnFlagUntilTimeout  stm32f1xx_hal_i2c.o
    0x08002ec0   0x08002ec0   0x000000fa   Code   RO          808    i.I2C_WaitOnMasterAddressFlagUntilTimeout  stm32f1xx_hal_i2c.o
    0x08002fba   0x08002fba   0x00000066   Code   RO          812    i.I2C_WaitOnTXEFlagUntilTimeout  stm32f1xx_hal_i2c.o
    0x08003020   0x08003020   0x00000044   Code   RO          373    i.MX_DMA_Init       dma.o
    0x08003064   0x08003064   0x000000a8   Code   RO          349    i.MX_GPIO_Init      gpio.o
    0x0800310c   0x0800310c   0x0000003c   Code   RO          399    i.MX_I2C1_Init      i2c.o
    0x08003148   0x08003148   0x0000002c   Code   RO          441    i.MX_RTC_Init       rtc.o
    0x08003174   0x08003174   0x000000dc   Code   RO          484    i.MX_TIM1_Init      tim.o
    0x08003250   0x08003250   0x00000038   Code   RO          531    i.MX_USART1_UART_Init  usart.o
    0x08003288   0x08003288   0x00000038   Code   RO          532    i.MX_USART2_UART_Init  usart.o
    0x080032c0   0x080032c0   0x00000004   Code   RO          582    i.MemManage_Handler  stm32f1xx_it.o
    0x080032c4   0x080032c4   0x00000002   Code   RO          583    i.NMI_Handler       stm32f1xx_it.o
    0x080032c6   0x080032c6   0x00000038   Code   RO           13    i.OLED_Clear        oled.o
    0x080032fe   0x080032fe   0x00000002   PAD
    0x08003300   0x08003300   0x00000038   Code   RO           17    i.OLED_Init         oled.o
    0x08003338   0x08003338   0x00000024   Code   RO           19    i.OLED_Set_Pos      oled.o
    0x0800335c   0x0800335c   0x0000006c   Code   RO           20    i.OLED_ShowCHinese  oled.o
    0x080033c8   0x080033c8   0x0000009c   Code   RO           21    i.OLED_ShowChar     oled.o
    0x08003464   0x08003464   0x00000088   Code   RO           22    i.OLED_ShowNum      oled.o
    0x080034ec   0x080034ec   0x0000003a   Code   RO           23    i.OLED_ShowString   oled.o
    0x08003526   0x08003526   0x00000002   PAD
    0x08003528   0x08003528   0x00000064   Code   RO           24    i.OLED_Showfloat    oled.o
    0x0800358c   0x0800358c   0x00000028   Code   RO           25    i.OLED_WR_Cmd       oled.o
    0x080035b4   0x080035b4   0x00000028   Code   RO           26    i.OLED_WR_Data      oled.o
    0x080035dc   0x080035dc   0x00000002   Code   RO          584    i.PendSV_Handler    stm32f1xx_it.o
    0x080035de   0x080035de   0x00000002   PAD
    0x080035e0   0x080035e0   0x00000028   Code   RO         1396    i.RCC_Delay         stm32f1xx_hal_rcc.o
    0x08003608   0x08003608   0x0000003a   Code   RO         2236    i.RTC_EnterInitMode  stm32f1xx_hal_rtc.o
    0x08003642   0x08003642   0x0000003a   Code   RO         2237    i.RTC_ExitInitMode  stm32f1xx_hal_rtc.o
    0x0800367c   0x0800367c   0x00000002   Code   RO          585    i.SVC_Handler       stm32f1xx_it.o
    0x0800367e   0x0800367e   0x00000008   Code   RO          586    i.SysTick_Handler   stm32f1xx_it.o
    0x08003686   0x08003686   0x00000088   Code   RO          247    i.SystemClock_Config  main.o
    0x0800370e   0x0800370e   0x00000002   Code   RO         3851    i.SystemInit        system_stm32f1xx.o
    0x08003710   0x08003710   0x000001cc   Code   RO          248    i.TDS_Value_Conversion  main.o
    0x080038dc   0x080038dc   0x00000074   Code   RO         2588    i.TIM_Base_SetConfig  stm32f1xx_hal_tim.o
    0x08003950   0x08003950   0x00000022   Code   RO         2589    i.TIM_CCxChannelCmd  stm32f1xx_hal_tim.o
    0x08003972   0x08003972   0x00000016   Code   RO         2599    i.TIM_ETR_SetConfig  stm32f1xx_hal_tim.o
    0x08003988   0x08003988   0x00000012   Code   RO         2600    i.TIM_ITRx_SetConfig  stm32f1xx_hal_tim.o
    0x0800399a   0x0800399a   0x00000002   PAD
    0x0800399c   0x0800399c   0x00000060   Code   RO         2601    i.TIM_OC1_SetConfig  stm32f1xx_hal_tim.o
    0x080039fc   0x080039fc   0x00000068   Code   RO         2602    i.TIM_OC2_SetConfig  stm32f1xx_hal_tim.o
    0x08003a64   0x08003a64   0x00000068   Code   RO         2603    i.TIM_OC3_SetConfig  stm32f1xx_hal_tim.o
    0x08003acc   0x08003acc   0x00000048   Code   RO         2604    i.TIM_OC4_SetConfig  stm32f1xx_hal_tim.o
    0x08003b14   0x08003b14   0x00000026   Code   RO         2606    i.TIM_TI1_ConfigInputStage  stm32f1xx_hal_tim.o
    0x08003b3a   0x08003b3a   0x00000028   Code   RO         2608    i.TIM_TI2_ConfigInputStage  stm32f1xx_hal_tim.o
    0x08003b62   0x08003b62   0x00000014   Code   RO         3520    i.UART_DMAAbortOnError  stm32f1xx_hal_uart.o
    0x08003b76   0x08003b76   0x00000050   Code   RO         3521    i.UART_DMAError     stm32f1xx_hal_uart.o
    0x08003bc6   0x08003bc6   0x000000b4   Code   RO         3522    i.UART_DMAReceiveCplt  stm32f1xx_hal_uart.o
    0x08003c7a   0x08003c7a   0x00000024   Code   RO         3524    i.UART_DMARxHalfCplt  stm32f1xx_hal_uart.o
    0x08003c9e   0x08003c9e   0x0000006c   Code   RO         3530    i.UART_EndRxTransfer  stm32f1xx_hal_uart.o
    0x08003d0a   0x08003d0a   0x00000020   Code   RO         3531    i.UART_EndTransmit_IT  stm32f1xx_hal_uart.o
    0x08003d2a   0x08003d2a   0x00000026   Code   RO         3532    i.UART_EndTxTransfer  stm32f1xx_hal_uart.o
    0x08003d50   0x08003d50   0x000000fc   Code   RO         3533    i.UART_Receive_IT   stm32f1xx_hal_uart.o
    0x08003e4c   0x08003e4c   0x000000fc   Code   RO         3534    i.UART_SetConfig    stm32f1xx_hal_uart.o
    0x08003f48   0x08003f48   0x000000c8   Code   RO         3535    i.UART_Start_Receive_DMA  stm32f1xx_hal_uart.o
    0x08004010   0x08004010   0x00000060   Code   RO         3537    i.UART_Transmit_IT  stm32f1xx_hal_uart.o
    0x08004070   0x08004070   0x00000070   Code   RO          587    i.USART2_IRQHandler  stm32f1xx_it.o
    0x080040e0   0x080040e0   0x00000004   Code   RO          588    i.UsageFault_Handler  stm32f1xx_it.o
    0x080040e4   0x080040e4   0x00000028   Code   RO         4126    i.__0sprintf        mc_w.l(printfa.o)
    0x0800410c   0x0800410c   0x00000010   Code   RO         1703    i.__NVIC_GetPriorityGrouping  stm32f1xx_hal_cortex.o
    0x0800411c   0x0800411c   0x00000028   Code   RO         1704    i.__NVIC_SetPriority  stm32f1xx_hal_cortex.o
    0x08004144   0x08004144   0x00000008   Code   RO         4231    i.__aeabi_errno_addr  mc_w.l(errno.o)
    0x0800414c   0x0800414c   0x0000000e   Code   RO         4255    i.__scatterload_copy  mc_w.l(handlers.o)
    0x0800415a   0x0800415a   0x00000002   Code   RO         4256    i.__scatterload_null  mc_w.l(handlers.o)
    0x0800415c   0x0800415c   0x0000000e   Code   RO         4257    i.__scatterload_zeroinit  mc_w.l(handlers.o)
    0x0800416a   0x0800416a   0x00000002   PAD
    0x0800416c   0x0800416c   0x00000184   Code   RO         4131    i._fp_digits        mc_w.l(printfa.o)
    0x080042f0   0x080042f0   0x000006dc   Code   RO         4132    i._printf_core      mc_w.l(printfa.o)
    0x080049cc   0x080049cc   0x00000024   Code   RO         4133    i._printf_post_padding  mc_w.l(printfa.o)
    0x080049f0   0x080049f0   0x0000002e   Code   RO         4134    i._printf_pre_padding  mc_w.l(printfa.o)
    0x08004a1e   0x08004a1e   0x0000000a   Code   RO         4136    i._sputc            mc_w.l(printfa.o)
    0x08004a28   0x08004a28   0x00000638   Code   RO          252    i.main              main.o
    0x08005060   0x08005060   0x00000016   Code   RO           28    i.oled_pow          oled.o
    0x08005076   0x08005076   0x00000002   PAD
    0x08005078   0x08005078   0x000001e8   Code   RO          253    i.warinig           main.o
    0x08005260   0x08005260   0x00000818   Data   RO           29    .constdata          oled.o
    0x08005a78   0x08005a78   0x00000012   Data   RO         1397    .constdata          stm32f1xx_hal_rcc.o
    0x08005a8a   0x08005a8a   0x00000012   Data   RO         1493    .constdata          stm32f1xx_hal_rcc_ex.o
    0x08005a9c   0x08005a9c   0x00000018   Data   RO         3852    .constdata          system_stm32f1xx.o
    0x08005ab4   0x08005ab4   0x00000081   Data   RO         4204    .constdata          mc_w.l(ctype_o.o)
    0x08005b35   0x08005b35   0x00000003   PAD
    0x08005b38   0x08005b38   0x00000004   Data   RO         4205    .constdata          mc_w.l(ctype_o.o)
    0x08005b3c   0x08005b3c   0x00000020   Data   RO         4253    Region$$Table       anon$$obj.o


    Execution Region RW_IRAM1 (Exec base: 0x20000000, Load base: 0x08005b5c, Size: 0x00000e40, Max: 0x00005000, ABSOLUTE, COMPRESSED[0x0000026c])

    Exec Addr    Load Addr    Size         Type   Attr      Idx    E Section Name        Object

    0x20000000   COMPRESSED   0x0000055b   Data   RW           30    .data               oled.o
    0x2000055b   COMPRESSED   0x00000001   PAD
    0x2000055c   COMPRESSED   0x00000075   Data   RW          255    .data               main.o
    0x200005d1   COMPRESSED   0x00000003   PAD
    0x200005d4   COMPRESSED   0x00000009   Data   RW         1233    .data               stm32f1xx_hal.o
    0x200005dd   COMPRESSED   0x00000003   PAD
    0x200005e0   COMPRESSED   0x00000004   Data   RW         3853    .data               system_stm32f1xx.o
    0x200005e4   COMPRESSED   0x00000004   Data   RW         4234    .data               mc_w.l(errno.o)
    0x200005e8        -       0x0000028f   Zero   RW          254    .bss                main.o
    0x20000877   COMPRESSED   0x00000001   PAD
    0x20000878        -       0x00000054   Zero   RW          400    .bss                i2c.o
    0x200008cc        -       0x00000014   Zero   RW          442    .bss                rtc.o
    0x200008e0        -       0x00000048   Zero   RW          485    .bss                tim.o
    0x20000928        -       0x00000118   Zero   RW          533    .bss                usart.o
    0x20000a40        -       0x00000400   Zero   RW            1    STACK               startup_stm32f103xb.o


==============================================================================

Image component sizes


      Code (inc. data)   RO Data    RW Data    ZI Data      Debug   Object Name

        68          4          0          0          0        790   dma.o
       168         14          0          0          0        951   gpio.o
       176         24          0          0         84       1685   i2c.o
      2710        290          0        117        655       6046   main.o
       808         46       2072       1371          0     447115   oled.o
       108         22          0          0         20       1567   rtc.o
        36          8        236          0       1024        824   startup_stm32f103xb.o
       192         36          0          9          0       6045   stm32f1xx_hal.o
       304         22          0          0          0      29547   stm32f1xx_hal_cortex.o
       978         12          0          0          0       4998   stm32f1xx_hal_dma.o
       848         34          0          0          0       4024   stm32f1xx_hal_gpio.o
      1750         30          0          0          0       8359   stm32f1xx_hal_i2c.o
        84          8          0          0          0        930   stm32f1xx_hal_msp.o
        12          4          0          0          0        535   stm32f1xx_hal_pwr.o
      1748         98         18          0          0       6124   stm32f1xx_hal_rcc.o
       556         34         18          0          0       2429   stm32f1xx_hal_rcc_ex.o
       372          4          0          0          0       3388   stm32f1xx_hal_rtc.o
      1590         46          0          0          0      12214   stm32f1xx_hal_tim.o
       248         14          0          0          0       2180   stm32f1xx_hal_tim_ex.o
      2342         22          0          0          0      14623   stm32f1xx_hal_uart.o
       176         32          0          0          0       6276   stm32f1xx_it.o
         2          0         24          4          0       1179   system_stm32f1xx.o
       356         30          0          0         72       2476   tim.o
       488         50          0          0        280       2569   usart.o

    ----------------------------------------------------------------------
     16142        884       2400       1508       2136     566874   Object Totals
         0          0         32          0          0          0   (incl. Generated)
        22          0          0          7          1          0   (incl. Padding)

    ----------------------------------------------------------------------

      Code (inc. data)   RO Data    RW Data    ZI Data      Debug   Library Member Name

        86          0          0          0          0          0   __dczerorl2.o
        28          0          0          0          0         68   _chval.o
       158          0          0          0          0         92   _strtoul.o
         8          4        133          0          0         68   ctype_o.o
         0          0          0          0          0          0   entry.o
         0          0          0          0          0          0   entry10a.o
         0          0          0          0          0          0   entry11a.o
         8          4          0          0          0          0   entry2.o
         4          0          0          0          0          0   entry5.o
         0          0          0          0          0          0   entry7b.o
         0          0          0          0          0          0   entry8b.o
         8          4          0          0          0          0   entry9a.o
         8          4          0          4          0         68   errno.o
        30          0          0          0          0          0   handlers.o
        36          8          0          0          0         68   init.o
         0          0          0          0          0          0   iusefp.o
        30          0          0          0          0         68   llshl.o
        36          0          0          0          0         68   llsshr.o
        32          0          0          0          0         68   llushr.o
        36          0          0          0          0        108   memseta.o
      2276         86          0          0          0        520   printfa.o
       114          0          0          0          0         92   strtoul.o
        44          0          0          0          0         80   uidiv.o
        98          0          0          0          0         92   uldiv.o
        48          0          0          0          0         68   cdcmple.o
        48          0          0          0          0         68   cdrcmple.o
        20          0          0          0          0         68   cfcmple.o
        20          0          0          0          0         68   cfrcmple.o
        56          0          0          0          0         88   d2f.o
       334          0          0          0          0        148   dadd.o
       222          0          0          0          0        100   ddiv.o
       186          0          0          0          0        176   depilogue.o
        48          0          0          0          0         68   dfixul.o
        34          0          0          0          0         76   dflti.o
       228          0          0          0          0         96   dmul.o
        38          0          0          0          0         68   f2d.o
       124          0          0          0          0         88   fdiv.o
       110          0          0          0          0        168   fepilogue.o
        40          0          0          0          0         68   ffixui.o
        10          0          0          0          0         68   ffltui.o
       100          0          0          0          0         76   fmul.o

    ----------------------------------------------------------------------
      4710        110        136          4          0       3020   Library Totals
         4          0          3          0          0          0   (incl. Padding)

    ----------------------------------------------------------------------

      Code (inc. data)   RO Data    RW Data    ZI Data      Debug   Library Name

      3040        110        133          4          0       1460   mc_w.l
      1666          0          0          0          0       1560   mf_w.l

    ----------------------------------------------------------------------
      4710        110        136          4          0       3020   Library Totals

    ----------------------------------------------------------------------

==============================================================================


      Code (inc. data)   RO Data    RW Data    ZI Data      Debug   

     20852        994       2536       1512       2136     562378   Grand Totals
     20852        994       2536        620       2136     562378   ELF Image Totals (compressed)
     20852        994       2536        620          0          0   ROM Totals

==============================================================================

    Total RO  Size (Code + RO Data)                23388 (  22.84kB)
    Total RW  Size (RW Data + ZI Data)              3648 (   3.56kB)
    Total ROM Size (Code + RO Data + RW Data)      24008 (  23.45kB)

==============================================================================

